Product: MDK-ARM Standard 5.10
Component: ARM Compiler 5.04 update 1 (build 49)
Tool: armlink [5040049]

==============================================================================

Section Cross References

    main.o(i.Fix_touch) refers to lcd.o(i.LCD_Clear) for LCD_Clear
    main.o(i.Fix_touch) refers to touch.o(i.TP_Adjust) for TP_Adjust
    main.o(i.Fix_touch) refers to touch.o(i.TP_Save_Adjdata) for TP_Save_Adjdata
    main.o(i.Fix_touch) refers to main.o(i.Load_Drow_Dialog) for Load_Drow_Dialog
    main.o(i.Fix_touch) refers to touch.o(i.TP_Get_Adjdata) for TP_Get_Adjdata
    main.o(i.Fix_touch) refers to main.o(.data) for .data
    main.o(i.LoadData) refers to 24cxx.o(i.AT24CXX_ReadOneByte) for AT24CXX_ReadOneByte
    main.o(i.LoadData) refers to main.o(.data) for .data
    main.o(i.LoadData) refers to main.o(.constdata) for .constdata
    main.o(i.Load_Drow_Dialog) refers to lcd.o(i.LCD_Clear) for LCD_Clear
    main.o(i.Load_Drow_Dialog) refers to lcd.o(i.LCD_ShowString) for LCD_ShowString
    main.o(i.Load_Drow_Dialog) refers to lcd.o(.data) for POINT_COLOR
    main.o(i.Load_Drow_Dialog) refers to lcd.o(.bss) for lcddev
    main.o(i.SaveData) refers to 24cxx.o(i.AT24CXX_WriteOneByte) for AT24CXX_WriteOneByte
    main.o(i.SaveData) refers to main.o(.data) for .data
    main.o(i.keyfind) refers to key.o(i.KEY_Scan) for KEY_Scan
    main.o(i.keyfind) refers to key.o(i.touchkey) for touchkey
    main.o(i.keyfind) refers to timer.o(i.configchanged) for configchanged
    main.o(i.keyfind) refers to disp.o(i.Display) for Display
    main.o(i.keyfind) refers to delay.o(i.delay_ms) for delay_ms
    main.o(i.keyfind) refers to lcd.o(i.LCD_Clear) for LCD_Clear
    main.o(i.keyfind) refers to touch.o(i.TP_Adjust) for TP_Adjust
    main.o(i.keyfind) refers to touch.o(i.TP_Save_Adjdata) for TP_Save_Adjdata
    main.o(i.keyfind) refers to disp.o(i.Display_menu) for Display_menu
    main.o(i.keyfind) refers to main.o(.data) for .data
    main.o(i.keyfind) refers to touch.o(.data) for tp_dev
    main.o(i.keyfind) refers to disp.o(.data) for dispconfig
    main.o(i.keyfind) refers to lcd.o(.bss) for lcddev
    main.o(i.main) refers to sys.o(i.NVIC_Configuration) for NVIC_Configuration
    main.o(i.main) refers to sys.o(i.CKCU_Configuration) for CKCU_Configuration
    main.o(i.main) refers to delay.o(i.delay_init) for delay_init
    main.o(i.main) refers to led.o(i.LED_Init) for LED_Init
    main.o(i.main) refers to delay.o(i.delay_ms) for delay_ms
    main.o(i.main) refers to lcd.o(i.LCD_Init) for LCD_Init
    main.o(i.main) refers to disp.o(i.Display_init) for Display_init
    main.o(i.main) refers to main.o(i.LoadData) for LoadData
    main.o(i.main) refers to key.o(i.KEY_Init) for KEY_Init
    main.o(i.main) refers to 24bitad.o(i.initAD) for initAD
    main.o(i.main) refers to tn9.o(i.TN9init) for TN9init
    main.o(i.main) refers to fan.o(i.faninit) for faninit
    main.o(i.main) refers to buzzer.o(i.buzzerinit) for buzzerinit
    main.o(i.main) refers to disp.o(i.Display_index2) for Display_index2
    main.o(i.main) refers to rtc.o(i.rtc_init) for rtc_init
    main.o(i.main) refers to usart.o(i.usart_init) for usart_init
    main.o(i.main) refers to timer.o(i.Timerx_Init) for Timerx_Init
    main.o(i.main) refers to main.o(i.keyfind) for keyfind
    main.o(i.main) refers to 24bitad.o(i.CovAD) for CovAD
    main.o(i.main) refers to tn9.o(i.TN9COV) for TN9COV
    main.o(i.main) refers to touch.o(.data) for tp_dev
    main.o(i.main) refers to rtc.o(.bss) for timer1
    main.o(i.main) refers to main.o(.data) for .data
    main.o(i.main) refers to 24bitad.o(.data) for ad_data
    main.o(i.main) refers to disp.o(.data) for dispconfig
    ht32f175x_275x_it.o(i.GPTM0_IRQHandler) refers to timer.o(i.GPTM0_ISR) for GPTM0_ISR
    ht32f175x_275x_it.o(i.GPTM1_IRQHandler) refers to timer.o(i.GPTM1_ISR) for GPTM1_ISR
    ht32f175x_275x_it.o(i.USART0_IRQHandler) refers to ht32f175x_275x_usart.o(i.USART_IntConfig) for USART_IntConfig
    ht32f175x_275x_it.o(i.USART0_IRQHandler) refers to ht32f175x_275x_usart.o(i.USART_SendData) for USART_SendData
    ht32f175x_275x_it.o(i.USART0_IRQHandler) refers to ht32f175x_275x_usart.o(i.USART_ReceiveData) for USART_ReceiveData
    ht32f175x_275x_it.o(i.USART0_IRQHandler) refers to usart.o(.data) for UR0TxReadIndex
    ht32f175x_275x_it.o(i.USART0_IRQHandler) refers to usart.o(.bss) for UR0TxBuf
    ht32f175x_275x_it.o(i.USART1_IRQHandler) refers to ht32f175x_275x_usart.o(i.USART_IntConfig) for USART_IntConfig
    ht32f175x_275x_it.o(i.USART1_IRQHandler) refers to ht32f175x_275x_usart.o(i.USART_SendData) for USART_SendData
    ht32f175x_275x_it.o(i.USART1_IRQHandler) refers to ht32f175x_275x_usart.o(i.USART_ReceiveData) for USART_ReceiveData
    ht32f175x_275x_it.o(i.USART1_IRQHandler) refers to main.o(i.SaveData) for SaveData
    ht32f175x_275x_it.o(i.USART1_IRQHandler) refers to timer.o(i.configchanged) for configchanged
[...]
    i.LCD_Init                               0x00009c24   Section        0  lcd.o(i.LCD_Init)
    i.LCD_Pow                                0x00009cd0   Section        0  lcd.o(i.LCD_Pow)
    i.LCD_RD_DATA                            0x00009ce0   Section        0  lcd.o(i.LCD_RD_DATA)
    i.LCD_ReadReg                            0x00009d84   Section        0  lcd.o(i.LCD_ReadReg)
    i.LCD_Scan_Dir                           0x00009d94   Section        0  lcd.o(i.LCD_Scan_Dir)
    i.LCD_SetCursor                          0x0000a26c   Section        0  lcd.o(i.LCD_SetCursor)
    i.LCD_ShowChar                           0x0000a578   Section        0  lcd.o(i.LCD_ShowChar)
    i.LCD_ShowNum                            0x0000a6d0   Section        0  lcd.o(i.LCD_ShowNum)
    i.LCD_ShowString                         0x0000a74c   Section        0  lcd.o(i.LCD_ShowString)
    i.LCD_ShowxNum                           0x0000a7a0   Section        0  lcd.o(i.LCD_ShowxNum)
    i.LCD_WR_REG                             0x0000a83c   Section        0  lcd.o(i.LCD_WR_REG)
    i.LCD_WriteRAM_Prepare                   0x0000a884   Section        0  lcd.o(i.LCD_WriteRAM_Prepare)
    i.LCD_WriteReg                           0x0000a890   Section        0  lcd.o(i.LCD_WriteReg)
    i.LED_Init                               0x0000a8dc   Section        0  led.o(i.LED_Init)
    i.LPWUP_IRQHandler                       0x0000a92c   Section        0  ht32f175x_275x_it.o(i.LPWUP_IRQHandler)
    i.LVD_IRQHandler                         0x0000a92e   Section        0  ht32f175x_275x_it.o(i.LVD_IRQHandler)
    i.LoadData                               0x0000a930   Section        0  main.o(i.LoadData)
    i.MCTMBRK_IRQHandler                     0x0000a974   Section        0  ht32f175x_275x_it.o(i.MCTMBRK_IRQHandler)
    i.MCTMCC_IRQHandler                      0x0000a976   Section        0  ht32f175x_275x_it.o(i.MCTMCC_IRQHandler)
    i.MCTMTR_IRQHandler                      0x0000a978   Section        0  ht32f175x_275x_it.o(i.MCTMTR_IRQHandler)
    i.MCTMUP_IRQHandler                      0x0000a97a   Section        0  ht32f175x_275x_it.o(i.MCTMUP_IRQHandler)
    i.MemManage_Handler                      0x0000a97c   Section        0  ht32f175x_275x_it.o(i.MemManage_Handler)
    i.NMI_Handler                            0x0000a97e   Section        0  ht32f175x_275x_it.o(i.NMI_Handler)
    i.NVIC_Configuration                     0x0000a980   Section        0  sys.o(i.NVIC_Configuration)
    i.NVIC_EnableIRQ                         0x0000a9a0   Section        0  usart.o(i.NVIC_EnableIRQ)
    NVIC_EnableIRQ                           0x0000a9a1   Thumb Code    22  usart.o(i.NVIC_EnableIRQ)
    i.NVIC_EnableIRQ                         0x0000a9b6   Section        0  timer.o(i.NVIC_EnableIRQ)
    NVIC_EnableIRQ                           0x0000a9b7   Thumb Code    22  timer.o(i.NVIC_EnableIRQ)
    i.NVIC_EncodePriority                    0x0000a9cc   Section        0  usart.o(i.NVIC_EncodePriority)
    NVIC_EncodePriority                      0x0000a9cd   Thumb Code    50  usart.o(i.NVIC_EncodePriority)
    i.NVIC_EncodePriority                    0x0000a9fe   Section        0  timer.o(i.NVIC_EncodePriority)
    NVIC_EncodePriority                      0x0000a9ff   Thumb Code    50  timer.o(i.NVIC_EncodePriority)
    i.NVIC_SetPriority                       0x0000aa30   Section        0  usart.o(i.NVIC_SetPriority)
    NVIC_SetPriority                         0x0000aa31   Thumb Code    32  usart.o(i.NVIC_SetPriority)
    i.NVIC_SetPriority                       0x0000aa50   Section        0  timer.o(i.NVIC_SetPriority)
    NVIC_SetPriority                         0x0000aa51   Thumb Code    32  timer.o(i.NVIC_SetPriority)
    i.PDMA_CH0_IRQHandler                    0x0000aa70   Section        0  ht32f175x_275x_it.o(i.PDMA_CH0_IRQHandler)
    i.PDMA_CH10_IRQHandler                   0x0000aa72   Section        0  ht32f175x_275x_it.o(i.PDMA_CH10_IRQHandler)
    i.PDMA_CH11_IRQHandler                   0x0000aa74   Section        0  ht32f175x_275x_it.o(i.PDMA_CH11_IRQHandler)
    i.PDMA_CH1_IRQHandler                    0x0000aa76   Section        0  ht32f175x_275x_it.o(i.PDMA_CH1_IRQHandler)
    i.PDMA_CH2_IRQHandler                    0x0000aa78   Section        0  ht32f175x_275x_it.o(i.PDMA_CH2_IRQHandler)
    i.PDMA_CH3_IRQHandler                    0x0000aa7a   Section        0  ht32f175x_275x_it.o(i.PDMA_CH3_IRQHandler)
    i.PDMA_CH4_IRQHandler                    0x0000aa7c   Section        0  ht32f175x_275x_it.o(i.PDMA_CH4_IRQHandler)
    i.PDMA_CH5_IRQHandler                    0x0000aa7e   Section        0  ht32f175x_275x_it.o(i.PDMA_CH5_IRQHandler)
    i.PDMA_CH6_IRQHandler                    0x0000aa80   Section        0  ht32f175x_275x_it.o(i.PDMA_CH6_IRQHandler)
    i.PDMA_CH7_IRQHandler                    0x0000aa82   Section        0  ht32f175x_275x_it.o(i.PDMA_CH7_IRQHandler)
    i.PDMA_CH8_IRQHandler                    0x0000aa84   Section        0  ht32f175x_275x_it.o(i.PDMA_CH8_IRQHandler)
    i.PDMA_CH9_IRQHandler                    0x0000aa86   Section        0  ht32f175x_275x_it.o(i.PDMA_CH9_IRQHandler)
    i.PWRCU_CheckReadyAccessed               0x0000aa88   Section        0  ht32f175x_275x_pwrcu.o(i.PWRCU_CheckReadyAccessed)
    i.PWRCU_DeInit                           0x0000aad0   Section        0  ht32f175x_275x_pwrcu.o(i.PWRCU_DeInit)
    i.PWRCU_ReadBackupRegister               0x0000aaf0   Section        0  ht32f175x_275x_pwrcu.o(i.PWRCU_ReadBackupRegister)
    i.PWRCU_WriteBackupRegister              0x0000ab00   Section        0  ht32f175x_275x_pwrcu.o(i.PWRCU_WriteBackupRegister)
    i.PendSV_Handler                         0x0000ab10   Section        0  ht32f175x_275x_it.o(i.PendSV_Handler)
    i.RSTCU_APBPerip1Reset                   0x0000ab14   Section        0  ht32f175x_275x_rstcu.o(i.RSTCU_APBPerip1Reset)
    i.RTC_CMPCLRCmd                          0x0000ab38   Section        0  ht32f175x_275x_rtc.o(i.RTC_CMPCLRCmd)
    i.RTC_ClockSourceConfig                  0x0000ab44   Section        0  ht32f175x_275x_rtc.o(i.RTC_ClockSourceConfig)
    i.RTC_Cmd                                0x0000ab50   Section        0  ht32f175x_275x_rtc.o(i.RTC_Cmd)
    i.RTC_Configuration                      0x0000ab5c   Section        0  rtc.o(i.RTC_Configuration)
    i.RTC_Get                                0x0000ab98   Section        0  rtc.o(i.RTC_Get)
    i.RTC_GetCounter                         0x0000ac6c   Section        0  ht32f175x_275x_rtc.o(i.RTC_GetCounter)
    i.RTC_GetFlagStatus                      0x0000ac78   Section        0  ht32f175x_275x_rtc.o(i.RTC_GetFlagStatus)
    i.RTC_Get_Week                           0x0000ac84   Section        0  rtc.o(i.RTC_Get_Week)
    i.RTC_IRQHandler                         0x0000acd0   Section        0  rtc.o(i.RTC_IRQHandler)
    i.RTC_IntConfig                          0x0000acf4   Section        0  ht32f175x_275x_rtc.o(i.RTC_IntConfig)
    i.RTC_LSECmd                             0x0000ad10   Section        0  ht32f175x_275x_rtc.o(i.RTC_LSECmd)
    i.RTC_LSESMConfig                        0x0000ad3c   Section        0  ht32f175x_275x_rtc.o(i.RTC_LSESMConfig)
    i.RTC_Set                                0x0000ad48   Section        0  rtc.o(i.RTC_Set)
    i.RTC_SetCompare                         0x0000ae04   Section        0  ht32f175x_275x_rtc.o(i.RTC_SetCompare)
    i.RTC_SetPrescaler                       0x0000ae10   Section        0  ht32f175x_275x_rtc.o(i.RTC_SetPrescaler)
    i.ReadCount                              0x0000ae24   Section        0  24bitad.o(i.ReadCount)
    i.SCI_IRQHandler                         0x0000ae68   Section        0  ht32f175x_275x_it.o(i.SCI_IRQHandler)
    i.SPI0_IRQHandler                        0x0000ae6a   Section        0  ht32f175x_275x_it.o(i.SPI0_IRQHandler)
    i.SPI1_IRQHandler                        0x0000ae6c   Section        0  ht32f175x_275x_it.o(i.SPI1_IRQHandler)
    i.SVC_Handler                            0x0000ae6e   Section        0  ht32f175x_275x_it.o(i.SVC_Handler)
    i.SYSTICK_ClockSourceConfig              0x0000ae70   Section        0  ht32f175x_275x_misc.o(i.SYSTICK_ClockSourceConfig)
    i.SaveData                               0x0000ae8c   Section        0  main.o(i.SaveData)
    i.SysTick_Handler                        0x0000aebc   Section        0  ht32f175x_275x_it.o(i.SysTick_Handler)
    i.SystemInit                             0x0000aec0   Section        0  system_ht32f175x_275x.o(i.SystemInit)
    i.TEST_FONT1                             0x0000af1c   Section        0  chinese.o(i.TEST_FONT1)
    i.TEST_FONT2                             0x0000af3c   Section        0  chinese.o(i.TEST_FONT2)
    i.TEST_FONT3                             0x0000af5c   Section        0  chinese.o(i.TEST_FONT3)
    i.TEST_FONT4                             0x0000af7c   Section        0  chinese.o(i.TEST_FONT4)
    i.TEST_FONT5                             0x0000af9c   Section        0  chinese.o(i.TEST_FONT5)
    i.TEST_FONT6                             0x0000afc0   Section        0  chinese.o(i.TEST_FONT6)
    i.TN9COV                                 0x0000afe4   Section        0  tn9.o(i.TN9COV)
    i.TN9init                                0x0000b040   Section        0  tn9.o(i.TN9init)
    i.TN_GetData_Surround                    0x0000b0b0   Section        0  tn9.o(i.TN_GetData_Surround)
    i.TN_GetData_Target                      0x0000b13c   Section        0  tn9.o(i.TN_GetData_Target)
    i.TN_ReadData                            0x0000b1e0   Section        0  tn9.o(i.TN_ReadData)
    i.TP_Adj_Info_Show                       0x0000b26c   Section        0  touch.o(i.TP_Adj_Info_Show)
    i.TP_Adjust                              0x0000b3e0   Section        0  touch.o(i.TP_Adjust)
    i.TP_Drow_Touch_Point                    0x0000b96c   Section        0  touch.o(i.TP_Drow_Touch_Point)
    i.TP_Get_Adjdata                         0x0000b9e0   Section        0  touch.o(i.TP_Get_Adjdata)
    i.TP_Init                                0x0000ba5c   Section        0  touch.o(i.TP_Init)
    i.TP_Read_AD                             0x0000bb08   Section        0  touch.o(i.TP_Read_AD)
    i.TP_Read_XOY                            0x0000bb70   Section        0  touch.o(i.TP_Read_XOY)
    i.TP_Read_XY                             0x0000bbd4   Section        0  touch.o(i.TP_Read_XY)
    i.TP_Read_XY2                            0x0000bbfc   Section        0  touch.o(i.TP_Read_XY2)
    i.TP_Save_Adjdata                        0x0000bc84   Section        0  touch.o(i.TP_Save_Adjdata)
    i.TP_Scan                                0x0000bcec   Section        0  touch.o(i.TP_Scan)
    i.TP_Write_Byte                          0x0000bd98   Section        0  touch.o(i.TP_Write_Byte)
    i.Test_Show_CH1_Font48                   0x0000bdc8   Section        0  chinese.o(i.Test_Show_CH1_Font48)
    i.Test_Show_CH2_Font48                   0x0000be50   Section        0  chinese.o(i.Test_Show_CH2_Font48)
    i.Test_Show_CH3_Font48                   0x0000bed8   Section        0  chinese.o(i.Test_Show_CH3_Font48)
    i.Test_Show_CH4_Font48                   0x0000bf60   Section        0  chinese.o(i.Test_Show_CH4_Font48)
    i.Test_Show_CH5_Font48                   0x0000bfe8   Section        0  chinese.o(i.Test_Show_CH5_Font48)
    i.Test_Show_CH6_Font48                   0x0000c070   Section        0  chinese.o(i.Test_Show_CH6_Font48)
    i.Timerx_Init                            0x0000c0f8   Section        0  timer.o(i.Timerx_Init)
    i.UR2_TX                                 0x0000c1b0   Section        0  usart.o(i.UR2_TX)
    i.USART0_IRQHandler                      0x0000c1e4   Section        0  ht32f175x_275x_it.o(i.USART0_IRQHandler)
    i.USART1_IRQHandler                      0x0000c280   Section        0  ht32f175x_275x_it.o(i.USART1_IRQHandler)
    i.USART_FIFOReset                        0x0000c538   Section        0  ht32f175x_275x_usart.o(i.USART_FIFOReset)
    i.USART_Init                             0x0000c540   Section        0  ht32f175x_275x_usart.o(i.USART_Init)
    i.USART_IntConfig                        0x0000c57c   Section        0  ht32f175x_275x_usart.o(i.USART_IntConfig)
    i.USART_Interrupt_Init                   0x0000c590   Section        0  usart.o(i.USART_Interrupt_Init)
    i.USART_RFITLConfig                      0x0000c65c   Section        0  ht32f175x_275x_usart.o(i.USART_RFITLConfig)
    i.USART_ReceiveData                      0x0000c668   Section        0  ht32f175x_275x_usart.o(i.USART_ReceiveData)
    i.USART_RxCmd                            0x0000c66e   Section        0  ht32f175x_275x_usart.o(i.USART_RxCmd)
    i.USART_SendData                         0x0000c686   Section        0  ht32f175x_275x_usart.o(i.USART_SendData)
    i.USART_TFITLConfig                      0x0000c68a   Section        0  ht32f175x_275x_usart.o(i.USART_TFITLConfig)
    i.USART_TxCmd                            0x0000c696   Section        0  ht32f175x_275x_usart.o(i.USART_TxCmd)
    i.USB_IRQHandler                         0x0000c6ae   Section        0  ht32f175x_275x_it.o(i.USB_IRQHandler)
    i.UsageFault_Handler                     0x0000c6b0   Section        0  ht32f175x_275x_it.o(i.UsageFault_Handler)
    i.WDT_IRQHandler                         0x0000c6b2   Section        0  ht32f175x_275x_it.o(i.WDT_IRQHandler)
    i.__scatterload_copy                     0x0000c6b4   Section       14  handlers.o(i.__scatterload_copy)
    i.__scatterload_null                     0x0000c6c2   Section        2  handlers.o(i.__scatterload_null)
    i.__scatterload_zeroinit                 0x0000c6c4   Section       14  handlers.o(i.__scatterload_zeroinit)
    i.__set_errno                            0x0000c6d4   Section        0  errno.o(i.__set_errno)
    i.buzzerinit                             0x0000c6e0   Section        0  buzzer.o(i.buzzerinit)
    i.configchanged                          0x0000c714   Section        0  timer.o(i.configchanged)
    i.delay_init                             0x0000cc5c   Section        0  delay.o(i.delay_init)
    i.delay_ms                               0x0000cc88   Section        0  delay.o(i.delay_ms)
    i.delay_us                               0x0000ccb0   Section        0  delay.o(i.delay_us)
    i.faninit                                0x0000ccd8   Section        0  fan.o(i.faninit)
    i.fanoff                                 0x0000cd0c   Section        0  fan.o(i.fanoff)
    i.fanon                                  0x0000cd1c   Section        0  fan.o(i.fanon)
    i.initAD                                 0x0000cd30   Section        0  24bitad.o(i.initAD)
    i.keyfind                                0x0000cd98   Section        0  main.o(i.keyfind)
    i.main                                   0x0000ce14   Section        0  main.o(i.main)
    i.rtc_init                               0x0000cf2c   Section        0  rtc.o(i.rtc_init)
    i.sqrt                                   0x0000cf90   Section        0  sqrt.o(i.sqrt)
    i.timermain                              0x0000cfdc   Section        0  timer.o(i.timermain)
    i.touchkey                               0x0000d2fc   Section        0  key.o(i.touchkey)
    i.usart_init                             0x0000d68c   Section        0  usart.o(i.usart_init)
    .constdata                               0x0000d700   Section       16  main.o(.constdata)
    .constdata                               0x0000d710   Section       16  main.o(.constdata)
    .constdata                               0x0000d720   Section       64  main.o(.constdata)
    .constdata                               0x0000d760   Section     4900  main.o(.constdata)
    .constdata                               0x0000ea84   Section     2660  lcd.o(.constdata)
    .constdata                               0x0000f4e8   Section       24  rtc.o(.constdata)
    .constdata                               0x0000f500   Section     2672  chinese.o(.constdata)
    .conststring                             0x0000ff70   Section      121  touch.o(.conststring)
    .conststring                             0x0000ffec   Section       79  disp.o(.conststring)
    .data                                    0x20000000   Section       40  main.o(.data)
    .data                                    0x20000028   Section        6  main.o(.data)
    .data                                    0x2000002e   Section        8  main.o(.data)
    .data                                    0x20000036   Section        8  main.o(.data)
    .data                                    0x2000003e   Section        4  main.o(.data)
    .data                                    0x20000042   Section        2  main.o(.data)
    .data                                    0x20000044   Section        4  main.o(.data)
    .data                                    0x20000048   Section        4  main.o(.data)
    .data                                    0x2000004c   Section        4  main.o(.data)
    .data                                    0x20000050   Section        4  main.o(.data)
    .data                                    0x20000054   Section        4  main.o(.data)
    .data                                    0x20000058   Section        4  main.o(.data)
    .data                                    0x2000005c   Section        1  main.o(.data)
    .data                                    0x2000005d   Section        1  main.o(.data)
    .data                                    0x2000005e   Section        1  main.o(.data)
    .data                                    0x20000060   Section        4  ht32f175x_275x_it.o(.data)
    .data                                    0x20000064   Section        4  delay.o(.data)
    fac_us                                   0x20000064   Data           1  delay.o(.data)
    fac_ms                                   0x20000066   Data           2  delay.o(.data)
    .data                                    0x20000068   Section       32  usart.o(.data)
    .data                                    0x20000088   Section        4  lcd.o(.data)
    .data                                    0x2000008c   Section       48  touch.o(.data)
    .data                                    0x200000bc   Section       48  24bitad.o(.data)
    .data                                    0x200000ec   Section        4  24bitad.o(.data)
    .data                                    0x200000f0   Section        4  24bitad.o(.data)
    .data                                    0x200000f4   Section        5  tn9.o(.data)
    .data                                    0x200000fc   Section        8  disp.o(.data)
    .data                                    0x20000104   Section        2  rtc.o(.data)
    daycnt                                   0x20000104   Data           2  rtc.o(.data)
    .data                                    0x20000108   Section        4  errno.o(.data)
    _errno                                   0x20000108   Data           4  errno.o(.data)
    .bss                                     0x2000010c   Section      652  usart.o(.bss)
    .bss                                     0x20000398   Section       14  lcd.o(.bss)
    .bss                                     0x200003a6   Section       10  rtc.o(.bss)
    .bss                                     0x200003b0   Section       10  rtc.o(.bss)
    STACK                                    0x200003c0   Section      512  startup_ht32f175x_275x.o(STACK)

    Global Symbols

    Symbol Name                              Value     Ov Type        Size  Object(Section)

    BuildAttributes$$THM_ISAv4$P$D$K$B$S$PE$A:L22UL41UL21$X:L11$S22US41US21$IEEE1$IW$USESV6$~STKCKD$USESV7$~SHL$OTIME$ROPI$IEEEJ$EBA8$MICROLIB$REQ8$PRES8$EABIv2 0x00000000   Number         0  anon$$obj.o ABSOLUTE
    __ARM_use_no_argv                        0x00000000   Number         0  main.o ABSOLUTE
    __Vectors                                0x00000000   Data           4  startup_ht32f175x_275x.o(RESET)
    __use_no_errno                           0x00000000   Number         0  useno.o ABSOLUTE
    __use_no_exception_handling              0x00000000   Number         0  useno.o ABSOLUTE
    __use_no_fp                              0x00000000   Number         0  useno.o ABSOLUTE
    __use_no_heap                            0x00000000   Number         0  useno.o ABSOLUTE
    __use_no_heap_region                     0x00000000   Number         0  useno.o ABSOLUTE
    __use_no_semihosting                     0x00000000   Number         0  useno.o ABSOLUTE
    __use_no_semihosting_swi                 0x00000000   Number         0  useno.o ABSOLUTE
    __use_no_signal_handling                 0x00000000   Number         0  useno.o ABSOLUTE
    __cpp_initialize__aeabi_                  - Undefined Weak Reference
    __cxa_finalize                            - Undefined Weak Reference
    __decompress                              - Undefined Weak Reference
    _clock_init                               - Undefined Weak Reference
    _microlib_exit                            - Undefined Weak Reference
    Reset_Handler                            0x00000151   Thumb Code     8  startup_ht32f175x_275x.o(RESET)
    __main                                   0x00000175   Thumb Code     0  entry.o(.ARM.Collect$$$$00000000)
    _main_stk                                0x00000175   Thumb Code     0  entry2.o(.ARM.Collect$$$$00000001)
    _main_scatterload                        0x00000179   Thumb Code     0  entry5.o(.ARM.Collect$$$$00000004)
    __main_after_scatterload                 0x0000017d   Thumb Code     0  entry5.o(.ARM.Collect$$$$00000004)
    _main_clock                              0x0000017d   Thumb Code     0  entry7b.o(.ARM.Collect$$$$00000008)
    _main_cpp_init                           0x0000017d   Thumb Code     0  entry8b.o(.ARM.Collect$$$$0000000A)
    _main_init                               0x0000017d   Thumb Code     0  entry9a.o(.ARM.Collect$$$$0000000B)
    __rt_final_cpp                           0x00000185   Thumb Code     0  entry10a.o(.ARM.Collect$$$$0000000D)
    __rt_final_exit                          0x00000185   Thumb Code     0  entry11a.o(.ARM.Collect$$$$0000000F)
    __aeabi_fadd                             0x00000189   Thumb Code   164  fadd.o(.text)
    __aeabi_fsub                             0x0000022d   Thumb Code     6  fadd.o(.text)
    __aeabi_frsub                            0x00000233   Thumb Code     6  fadd.o(.text)
    __aeabi_fmul                             0x00000239   Thumb Code   100  fmul.o(.text)
    __aeabi_fdiv                             0x0000029d   Thumb Code   124  fdiv.o(.text)
    __ARM_scalbnf                            0x00000319   Thumb Code    24  fscalb.o(.text)
    scalbnf                                  0x00000319   Thumb Code     0  fscalb.o(.text)
    __aeabi_dadd                             0x00000331   Thumb Code   322  dadd.o(.text)
    __aeabi_dsub                             0x00000473   Thumb Code     6  dadd.o(.text)
    __aeabi_drsub                            0x00000479   Thumb Code     6  dadd.o(.text)
    __aeabi_dmul                             0x0000047f   Thumb Code   228  dmul.o(.text)
    __aeabi_i2f                              0x00000563   Thumb Code    18  fflti.o(.text)
    __aeabi_ui2f                             0x00000575   Thumb Code    10  ffltui.o(.text)
    __aeabi_ui2d                             0x0000057f   Thumb Code    26  dfltui.o(.text)
    __aeabi_f2iz                             0x00000599   Thumb Code    50  ffixi.o(.text)
    __aeabi_f2uiz                            0x000005cb   Thumb Code    40  ffixui.o(.text)
    __aeabi_d2iz                             0x000005f3   Thumb Code    62  dfixi.o(.text)
    __aeabi_d2uiz                            0x00000631   Thumb Code    50  dfixui.o(.text)
    __aeabi_f2d                              0x00000663   Thumb Code    38  f2d.o(.text)
    __aeabi_d2f                              0x00000689   Thumb Code    56  d2f.o(.text)
    __aeabi_llsl                             0x000006c1   Thumb Code    30  llshl.o(.text)
    _ll_shift_l                              0x000006c1   Thumb Code     0  llshl.o(.text)
    __aeabi_llsr                             0x000006df   Thumb Code    32  llushr.o(.text)
    _ll_ushift_r                             0x000006df   Thumb Code     0  llushr.o(.text)
    __aeabi_lasr                             0x000006ff   Thumb Code    36  llsshr.o(.text)
    _ll_sshift_r                             0x000006ff   Thumb Code     0  llsshr.o(.text)
    __I$use$fp                               0x00000723   Thumb Code     0  iusefp.o(.text)
    _float_round                             0x00000723   Thumb Code    18  fepilogue.o(.text)
    _float_epilogue                          0x00000735   Thumb Code    92  fepilogue.o(.text)
    _double_round                            0x00000791   Thumb Code    26  depilogue.o(.text)
    _double_epilogue                         0x000007ab   Thumb Code   156  depilogue.o(.text)
    _dsqrt                                   0x00000847   Thumb Code   162  dsqrt.o(.text)
    __scatterload                            0x000008e9   Thumb Code    28  init.o(.text)
    __scatterload_rt2                        0x000008e9   Thumb Code     0  init.o(.text)
    ADC_IRQHandler                           0x0000090d   Thumb Code     2  ht32f175x_275x_it.o(i.ADC_IRQHandler)
    AFIO_GPCConfig                           0x00000911   Thumb Code    14  ht32f175x_275x_gpio.o(i.AFIO_GPCConfig)
    AFIO_GPDConfig                           0x00000925   Thumb Code    14  ht32f175x_275x_gpio.o(i.AFIO_GPDConfig)
    AFIO_GPEConfig                           0x00000939   Thumb Code    14  ht32f175x_275x_gpio.o(i.AFIO_GPEConfig)
    AT24CXX_Init                             0x0000094d   Thumb Code     4  24cxx.o(i.AT24CXX_Init)
    AT24CXX_ReadLenByte                      0x00000951   Thumb Code    42  24cxx.o(i.AT24CXX_ReadLenByte)
    AT24CXX_ReadOneByte                      0x0000097b   Thumb Code    66  24cxx.o(i.AT24CXX_ReadOneByte)
    AT24CXX_WriteLenByte                     0x000009bd   Thumb Code    42  24cxx.o(i.AT24CXX_WriteLenByte)
    AT24CXX_WriteOneByte                     0x000009e7   Thumb Code    62  24cxx.o(i.AT24CXX_WriteOneByte)
    BFTM0_IRQHandler                         0x00000a25   Thumb Code     2  ht32f175x_275x_it.o(i.BFTM0_IRQHandler)
    BFTM1_IRQHandler                         0x00000a27   Thumb Code     2  ht32f175x_275x_it.o(i.BFTM1_IRQHandler)
    BOD_IRQHandler                           0x00000a29   Thumb Code     2  ht32f175x_275x_it.o(i.BOD_IRQHandler)
    BusFault_Handler                         0x00000a2b   Thumb Code     2  ht32f175x_275x_it.o(i.BusFault_Handler)
    CKCU_APBPerip0ClockConfig                0x00000a2d   Thumb Code    22  ht32f175x_275x_ckcu.o(i.CKCU_APBPerip0ClockConfig)
    CKCU_APBPerip1ClockConfig                0x00000a49   Thumb Code    22  ht32f175x_275x_ckcu.o(i.CKCU_APBPerip1ClockConfig)
    CKCU_Configuration                       0x00000a65   Thumb Code    22  sys.o(i.CKCU_Configuration)
    CKCU_GetClockReadyStatus                 0x00000a7d   Thumb Code    16  ht32f175x_275x_ckcu.o(i.CKCU_GetClockReadyStatus)
    CKCU_GetClocksFrequency                  0x00000a91   Thumb Code   162  ht32f175x_275x_ckcu.o(i.CKCU_GetClocksFrequency)
    CKRDY_IRQHandler                         0x00000b41   Thumb Code     2  ht32f175x_275x_it.o(i.CKRDY_IRQHandler)
    COMP_IRQHandler                          0x00000b43   Thumb Code     2  ht32f175x_275x_it.o(i.COMP_IRQHandler)
    CSIF_IRQHandler                          0x00000b45   Thumb Code     2  ht32f175x_275x_it.o(i.CSIF_IRQHandler)
    CovAD                                    0x00000b49   Thumb Code   378  24bitad.o(i.CovAD)
    DebugMon_Handler                         0x00000cfd   Thumb Code     2  ht32f175x_275x_it.o(i.DebugMon_Handler)
    Display                                  0x00000d01   Thumb Code    50  disp.o(i.Display)
    Display_index1                           0x00000d39   Thumb Code   690  disp.o(i.Display_index1)
    Display_index2                           0x00001091   Thumb Code  1448  disp.o(i.Display_index2)
    Display_index3                           0x00001649   Thumb Code   156  disp.o(i.Display_index3)
    Display_init                             0x00001725   Thumb Code    44  disp.o(i.Display_init)
    Display_menu                             0x00001755   Thumb Code   506  disp.o(i.Display_menu)
    Display_menupeople                       0x00001a41   Thumb Code   164  disp.o(i.Display_menupeople)
    Display_menuseason                       0x00001b1d   Thumb Code   164  disp.o(i.Display_menuseason)
    Display_temp                             0x00001bf1   Thumb Code   220  disp.o(i.Display_temp)
    Display_update                           0x00001d09   Thumb Code   798  disp.o(i.Display_update)
    Display_update1                          0x000020a5   Thumb Code    78  disp.o(i.Display_update1)
    Display_update2                          0x000020fd   Thumb Code   126  disp.o(i.Display_update2)
    Display_update3                          0x00002181   Thumb Code   184  disp.o(i.Display_update3)
    Draw_Circle                              0x00002269   Thumb Code   180  lcd.o(i.Draw_Circle)
    EVWUP_IRQHandler                         0x0000231d   Thumb Code     2  ht32f175x_275x_it.o(i.EVWUP_IRQHandler)
    EXTI0_IRQHandler                         0x0000231f   Thumb Code     2  ht32f175x_275x_it.o(i.EXTI0_IRQHandler)
    EXTI10_IRQHandler                        0x00002321   Thumb Code     2  ht32f175x_275x_it.o(i.EXTI10_IRQHandler)
    EXTI11_IRQHandler                        0x00002323   Thumb Code     2  ht32f175x_275x_it.o(i.EXTI11_IRQHandler)
    EXTI12_IRQHandler                        0x00002325   Thumb Code     2  ht32f175x_275x_it.o(i.EXTI12_IRQHandler)
    EXTI13_IRQHandler                        0x00002327   Thumb Code     2  ht32f175x_275x_it.o(i.EXTI13_IRQHandler)
    EXTI14_IRQHandler                        0x00002329   Thumb Code     2  ht32f175x_275x_it.o(i.EXTI14_IRQHandler)
    EXTI15_IRQHandler                        0x0000232b   Thumb Code     2  ht32f175x_275x_it.o(i.EXTI15_IRQHandler)
    EXTI1_IRQHandler                         0x0000232d   Thumb Code     2  ht32f175x_275x_it.o(i.EXTI1_IRQHandler)
    EXTI2_IRQHandler                         0x0000232f   Thumb Code     2  ht32f175x_275x_it.o(i.EXTI2_IRQHandler)
    EXTI3_IRQHandler                         0x00002331   Thumb Code     2  ht32f175x_275x_it.o(i.EXTI3_IRQHandler)
    EXTI4_IRQHandler                         0x00002333   Thumb Code     2  ht32f175x_275x_it.o(i.EXTI4_IRQHandler)
    EXTI5_IRQHandler                         0x00002335   Thumb Code     2  ht32f175x_275x_it.o(i.EXTI5_IRQHandler)
    EXTI6_IRQHandler                         0x00002337   Thumb Code     2  ht32f175x_275x_it.o(i.EXTI6_IRQHandler)
    EXTI7_IRQHandler                         0x00002339   Thumb Code     2  ht32f175x_275x_it.o(i.EXTI7_IRQHandler)
    EXTI8_IRQHandler                         0x0000233b   Thumb Code     2  ht32f175x_275x_it.o(i.EXTI8_IRQHandler)
    EXTI9_IRQHandler                         0x0000233d   Thumb Code     2  ht32f175x_275x_it.o(i.EXTI9_IRQHandler)
    FLASH_IRQHandler                         0x0000233f   Thumb Code     2  ht32f175x_275x_it.o(i.FLASH_IRQHandler)
    GPIO_ClearOutBits                        0x00002341   Thumb Code     4  ht32f175x_275x_gpio.o(i.GPIO_ClearOutBits)
    GPIO_DirectionConfig                     0x00002345   Thumb Code    20  ht32f175x_275x_gpio.o(i.GPIO_DirectionConfig)
    GPIO_DriveConfig                         0x00002359   Thumb Code    20  ht32f175x_275x_gpio.o(i.GPIO_DriveConfig)
    GPIO_InputConfig                         0x0000236d   Thumb Code    20  ht32f175x_275x_gpio.o(i.GPIO_InputConfig)
    GPIO_OpenDrainConfig                     0x00002381   Thumb Code    20  ht32f175x_275x_gpio.o(i.GPIO_OpenDrainConfig)
    GPIO_PullResistorConfig                  0x00002395   Thumb Code    50  ht32f175x_275x_gpio.o(i.GPIO_PullResistorConfig)
    GPIO_SetOutBits                          0x000023c7   Thumb Code     4  ht32f175x_275x_gpio.o(i.GPIO_SetOutBits)
    GPIO_WriteOutBits                        0x000023cb   Thumb Code    12  ht32f175x_275x_gpio.o(i.GPIO_WriteOutBits)
    GPIO_WriteOutData                        0x000023d7   Thumb Code     4  ht32f175x_275x_gpio.o(i.GPIO_WriteOutData)
    GPTM0_IRQHandler                         0x000023db   Thumb Code     4  ht32f175x_275x_it.o(i.GPTM0_IRQHandler)
    GPTM0_ISR                                0x000023e1   Thumb Code    52  timer.o(i.GPTM0_ISR)
    GPTM1_IRQHandler                         0x0000241d   Thumb Code     4  ht32f175x_275x_it.o(i.GPTM1_IRQHandler)
    GPTM1_ISR                                0x00002421   Thumb Code    72  timer.o(i.GPTM1_ISR)
    GPTM_ClearIntPendingBit                  0x0000247d   Thumb Code    10  ht32f175x_275x_gptm.o(i.GPTM_ClearIntPendingBit)
    GPTM_Cmd                                 0x00002487   Thumb Code    24  ht32f175x_275x_gptm.o(i.GPTM_Cmd)
    GPTM_DeInit                              0x000024a1   Thumb Code    30  ht32f175x_275x_gptm.o(i.GPTM_DeInit)
    GPTM_GetIntStatus                        0x000024c9   Thumb Code    22  ht32f175x_275x_gptm.o(i.GPTM_GetIntStatus)
    GPTM_IntConfig                           0x000024df   Thumb Code    20  ht32f175x_275x_gptm.o(i.GPTM_IntConfig)
    GPTM_TimeBaseInit                        0x000024f3   Thumb Code    42  ht32f175x_275x_gptm.o(i.GPTM_TimeBaseInit)
    HardFault_Handler                        0x0000251d   Thumb Code     2  ht32f175x_275x_it.o(i.HardFault_Handler)
    I2C0_IRQHandler                          0x0000251f   Thumb Code     2  ht32f175x_275x_it.o(i.I2C0_IRQHandler)
    I2C1_IRQHandler                          0x00002521   Thumb Code     2  ht32f175x_275x_it.o(i.I2C1_IRQHandler)
    IIC_Ack                                  0x00002525   Thumb Code    54  myiic.o(i.IIC_Ack)
    IIC_Init                                 0x00002565   Thumb Code    62  myiic.o(i.IIC_Init)
    IIC_NAck                                 0x000025b1   Thumb Code    54  myiic.o(i.IIC_NAck)
    IIC_Read_Byte                            0x000025f1   Thumb Code   106  myiic.o(i.IIC_Read_Byte)
    IIC_Send_Byte                            0x00002669   Thumb Code    92  myiic.o(i.IIC_Send_Byte)
    IIC_Start                                0x000026cd   Thumb Code    54  myiic.o(i.IIC_Start)
    IIC_Stop                                 0x0000270d   Thumb Code    56  myiic.o(i.IIC_Stop)
    IIC_Wait_Ack                             0x0000274d   Thumb Code    84  myiic.o(i.IIC_Wait_Ack)
    Is_Leap_Year                             0x000027ad   Thumb Code    46  rtc.o(i.Is_Leap_Year)
    KEY_Init                                 0x000027dd   Thumb Code    50  key.o(i.KEY_Init)
    KEY_Scan                                 0x00002815   Thumb Code    64  key.o(i.KEY_Scan)
    LCD5310_init                             0x00002859   Thumb Code 28606  lcd.o(i.LCD5310_init)
    LCD_Clear                                0x00009819   Thumb Code   156  lcd.o(i.LCD_Clear)
    LCD_Display_Dir                          0x000098c1   Thumb Code   342  lcd.o(i.LCD_Display_Dir)
    LCD_DrawLine                             0x00009a1d   Thumb Code   152  lcd.o(i.LCD_DrawLine)
    LCD_DrawPoint                            0x00009ab5   Thumb Code    72  lcd.o(i.LCD_DrawPoint)
    LCD_DrawRectangle                        0x00009b09   Thumb Code    64  lcd.o(i.LCD_DrawRectangle)
    LCD_Draw_Point1                          0x00009b49   Thumb Code    16  chinese.o(i.LCD_Draw_Point1)
    LCD_Fill                                 0x00009b5d   Thumb Code   186  lcd.o(i.LCD_Fill)
    LCD_Init                                 0x00009c25   Thumb Code   158  lcd.o(i.LCD_Init)
    LCD_Pow                                  0x00009cd1   Thumb Code    16  lcd.o(i.LCD_Pow)
    LCD_RD_DATA                              0x00009ce1   Thumb Code   156  lcd.o(i.LCD_RD_DATA)
    LCD_ReadReg                              0x00009d85   Thumb Code    14  lcd.o(i.LCD_ReadReg)
    LCD_Scan_Dir                             0x00009d95   Thumb Code  1240  lcd.o(i.LCD_Scan_Dir)
    LCD_SetCursor                            0x0000a26d   Thumb Code   766  lcd.o(i.LCD_SetCursor)
    LCD_ShowChar                             0x0000a579   Thumb Code   328  lcd.o(i.LCD_ShowChar)
    LCD_ShowNum                              0x0000a6d1   Thumb Code   124  lcd.o(i.LCD_ShowNum)
    LCD_ShowString                           0x0000a74d   Thumb Code    84  lcd.o(i.LCD_ShowString)
    LCD_ShowxNum                             0x0000a7a1   Thumb Code   156  lcd.o(i.LCD_ShowxNum)
    LCD_WR_REG                               0x0000a83d   Thumb Code    64  lcd.o(i.LCD_WR_REG)
    LCD_WriteRAM_Prepare                     0x0000a885   Thumb Code     8  lcd.o(i.LCD_WriteRAM_Prepare)
    LCD_WriteReg                             0x0000a891   Thumb Code    68  lcd.o(i.LCD_WriteReg)
    LED_Init                                 0x0000a8dd   Thumb Code    76  led.o(i.LED_Init)
    LPWUP_IRQHandler                         0x0000a92d   Thumb Code     2  ht32f175x_275x_it.o(i.LPWUP_IRQHandler)
    LVD_IRQHandler                           0x0000a92f   Thumb Code     2  ht32f175x_275x_it.o(i.LVD_IRQHandler)
    LoadData                                 0x0000a931   Thumb Code    60  main.o(i.LoadData)
    MCTMBRK_IRQHandler                       0x0000a975   Thumb Code     2  ht32f175x_275x_it.o(i.MCTMBRK_IRQHandler)
    MCTMCC_IRQHandler                        0x0000a977   Thumb Code     2  ht32f175x_275x_it.o(i.MCTMCC_IRQHandler)
    MCTMTR_IRQHandler                        0x0000a979   Thumb Code     2  ht32f175x_275x_it.o(i.MCTMTR_IRQHandler)
    MCTMUP_IRQHandler                        0x0000a97b   Thumb Code     2  ht32f175x_275x_it.o(i.MCTMUP_IRQHandler)
    MemManage_Handler                        0x0000a97d   Thumb Code     2  ht32f175x_275x_it.o(i.MemManage_Handler)
    NMI_Handler                              0x0000a97f   Thumb Code     2  ht32f175x_275x_it.o(i.NMI_Handler)
    NVIC_Configuration                       0x0000a981   Thumb Code    22  sys.o(i.NVIC_Configuration)
    PDMA_CH0_IRQHandler                      0x0000aa71   Thumb Code     2  ht32f175x_275x_it.o(i.PDMA_CH0_IRQHandler)
    PDMA_CH10_IRQHandler                     0x0000aa73   Thumb Code     2  ht32f175x_275x_it.o(i.PDMA_CH10_IRQHandler)
    PDMA_CH11_IRQHandler                     0x0000aa75   Thumb Code     2  ht32f175x_275x_it.o(i.PDMA_CH11_IRQHandler)
    PDMA_CH1_IRQHandler                      0x0000aa77   Thumb Code     2  ht32f175x_275x_it.o(i.PDMA_CH1_IRQHandler)
    PDMA_CH2_IRQHandler                      0x0000aa79   Thumb Code     2  ht32f175x_275x_it.o(i.PDMA_CH2_IRQHandler)
    PDMA_CH3_IRQHandler                      0x0000aa7b   Thumb Code     2  ht32f175x_275x_it.o(i.PDMA_CH3_IRQHandler)
    PDMA_CH4_IRQHandler                      0x0000aa7d   Thumb Code     2  ht32f175x_275x_it.o(i.PDMA_CH4_IRQHandler)
    PDMA_CH5_IRQHandler                      0x0000aa7f   Thumb Code     2  ht32f175x_275x_it.o(i.PDMA_CH5_IRQHandler)
    PDMA_CH6_IRQHandler                      0x0000aa81   Thumb Code     2  ht32f175x_275x_it.o(i.PDMA_CH6_IRQHandler)
    PDMA_CH7_IRQHandler                      0x0000aa83   Thumb Code     2  ht32f175x_275x_it.o(i.PDMA_CH7_IRQHandler)
    PDMA_CH8_IRQHandler                      0x0000aa85   Thumb Code     2  ht32f175x_275x_it.o(i.PDMA_CH8_IRQHandler)
    PDMA_CH9_IRQHandler                      0x0000aa87   Thumb Code     2  ht32f175x_275x_it.o(i.PDMA_CH9_IRQHandler)
    PWRCU_CheckReadyAccessed                 0x0000aa89   Thumb Code    58  ht32f175x_275x_pwrcu.o(i.PWRCU_CheckReadyAccessed)
    PWRCU_DeInit                             0x0000aad1   Thumb Code    26  ht32f175x_275x_pwrcu.o(i.PWRCU_DeInit)
    PWRCU_ReadBackupRegister                 0x0000aaf1   Thumb Code    12  ht32f175x_275x_pwrcu.o(i.PWRCU_ReadBackupRegister)
    PWRCU_WriteBackupRegister                0x0000ab01   Thumb Code    12  ht32f175x_275x_pwrcu.o(i.PWRCU_WriteBackupRegister)
    PendSV_Handler                           0x0000ab11   Thumb Code     2  ht32f175x_275x_it.o(i.PendSV_Handler)
    RSTCU_APBPerip1Reset                     0x0000ab15   Thumb Code    30  ht32f175x_275x_rstcu.o(i.RSTCU_APBPerip1Reset)
    RTC_CMPCLRCmd                            0x0000ab39   Thumb Code     6  ht32f175x_275x_rtc.o(i.RTC_CMPCLRCmd)
    RTC_ClockSourceConfig                    0x0000ab45   Thumb Code     6  ht32f175x_275x_rtc.o(i.RTC_ClockSourceConfig)
    RTC_Cmd                                  0x0000ab51   Thumb Code     6  ht32f175x_275x_rtc.o(i.RTC_Cmd)
    RTC_Configuration                        0x0000ab5d   Thumb Code    60  rtc.o(i.RTC_Configuration)
    RTC_Get                                  0x0000ab99   Thumb Code   194  rtc.o(i.RTC_Get)
    RTC_GetCounter                           0x0000ac6d   Thumb Code     6  ht32f175x_275x_rtc.o(i.RTC_GetCounter)
    RTC_GetFlagStatus                        0x0000ac79   Thumb Code     8  ht32f175x_275x_rtc.o(i.RTC_GetFlagStatus)
    RTC_Get_Week                             0x0000ac85   Thumb Code    72  rtc.o(i.RTC_Get_Week)
    RTC_IRQHandler                           0x0000acd1   Thumb Code    32  rtc.o(i.RTC_IRQHandler)
    RTC_IntConfig                            0x0000acf5   Thumb Code    22  ht32f175x_275x_rtc.o(i.RTC_IntConfig)
    RTC_LSECmd                               0x0000ad11   Thumb Code    36  ht32f175x_275x_rtc.o(i.RTC_LSECmd)
    RTC_LSESMConfig                          0x0000ad3d   Thumb Code     6  ht32f175x_275x_rtc.o(i.RTC_LSESMConfig)
    RTC_Set                                  0x0000ad49   Thumb Code   170  rtc.o(i.RTC_Set)
    RTC_SetCompare                           0x0000ae05   Thumb Code     6  ht32f175x_275x_rtc.o(i.RTC_SetCompare)
    RTC_SetPrescaler                         0x0000ae11   Thumb Code    16  ht32f175x_275x_rtc.o(i.RTC_SetPrescaler)
    ReadCount                                0x0000ae25   Thumb Code    58  24bitad.o(i.ReadCount)
    SCI_IRQHandler                           0x0000ae69   Thumb Code     2  ht32f175x_275x_it.o(i.SCI_IRQHandler)
    SPI0_IRQHandler                          0x0000ae6b   Thumb Code     2  ht32f175x_275x_it.o(i.SPI0_IRQHandler)
    SPI1_IRQHandler                          0x0000ae6d   Thumb Code     2  ht32f175x_275x_it.o(i.SPI1_IRQHandler)
    SVC_Handler                              0x0000ae6f   Thumb Code     2  ht32f175x_275x_it.o(i.SVC_Handler)
    SYSTICK_ClockSourceConfig                0x0000ae71   Thumb Code    28  ht32f175x_275x_misc.o(i.SYSTICK_ClockSourceConfig)
    SaveData                                 0x0000ae8d   Thumb Code    42  main.o(i.SaveData)
    SysTick_Handler                          0x0000aebd   Thumb Code     2  ht32f175x_275x_it.o(i.SysTick_Handler)
    SystemInit                               0x0000aec1   Thumb Code    80  system_ht32f175x_275x.o(i.SystemInit)
    TEST_FONT1                               0x0000af1d   Thumb Code    32  chinese.o(i.TEST_FONT1)
    TEST_FONT2                               0x0000af3d   Thumb Code    32  chinese.o(i.TEST_FONT2)
    TEST_FONT3                               0x0000af5d   Thumb Code    32  chinese.o(i.TEST_FONT3)
    TEST_FONT4                               0x0000af7d   Thumb Code    32  chinese.o(i.TEST_FONT4)
    TEST_FONT5                               0x0000af9d   Thumb Code    36  chinese.o(i.TEST_FONT5)
    TEST_FONT6                               0x0000afc1   Thumb Code    36  chinese.o(i.TEST_FONT6)
    TN9COV                                   0x0000afe5   Thumb Code    80  tn9.o(i.TN9COV)
    TN9init                                  0x0000b041   Thumb Code   106  tn9.o(i.TN9init)
    TN_GetData_Surround                      0x0000b0b1   Thumb Code   128  tn9.o(i.TN_GetData_Surround)
    TN_GetData_Target                        0x0000b13d   Thumb Code   148  tn9.o(i.TN_GetData_Target)
    TN_ReadData                              0x0000b1e1   Thumb Code   122  tn9.o(i.TN_ReadData)
    TP_Adj_Info_Show                         0x0000b26d   Thumb Code   324  touch.o(i.TP_Adj_Info_Show)
    TP_Adjust                                0x0000b3e1   Thumb Code  1366  touch.o(i.TP_Adjust)
    TP_Drow_Touch_Point                      0x0000b96d   Thumb Code   112  touch.o(i.TP_Drow_Touch_Point)
    TP_Get_Adjdata                           0x0000b9e1   Thumb Code   114  touch.o(i.TP_Get_Adjdata)
    TP_Init                                  0x0000ba5d   Thumb Code   164  touch.o(i.TP_Init)
    TP_Read_AD                               0x0000bb09   Thumb Code    94  touch.o(i.TP_Read_AD)
    TP_Read_XOY                              0x0000bb71   Thumb Code    98  touch.o(i.TP_Read_XOY)
    TP_Read_XY                               0x0000bbd5   Thumb Code    34  touch.o(i.TP_Read_XY)
    TP_Read_XY2                              0x0000bbfd   Thumb Code   134  touch.o(i.TP_Read_XY2)
    TP_Save_Adjdata                          0x0000bc85   Thumb Code    96  touch.o(i.TP_Save_Adjdata)
    TP_Scan                                  0x0000bced   Thumb Code   162  touch.o(i.TP_Scan)
    TP_Write_Byte                            0x0000bd99   Thumb Code    42  touch.o(i.TP_Write_Byte)
    Test_Show_CH1_Font48                     0x0000bdc9   Thumb Code   128  chinese.o(i.Test_Show_CH1_Font48)
    Test_Show_CH2_Font48                     0x0000be51   Thumb Code   128  chinese.o(i.Test_Show_CH2_Font48)
    Test_Show_CH3_Font48                     0x0000bed9   Thumb Code   128  chinese.o(i.Test_Show_CH3_Font48)
    Test_Show_CH4_Font48                     0x0000bf61   Thumb Code   128  chinese.o(i.Test_Show_CH4_Font48)
    Test_Show_CH5_Font48                     0x0000bfe9   Thumb Code   128  chinese.o(i.Test_Show_CH5_Font48)
    Test_Show_CH6_Font48                     0x0000c071   Thumb Code   128  chinese.o(i.Test_Show_CH6_Font48)
    Timerx_Init                              0x0000c0f9   Thumb Code   176  timer.o(i.Timerx_Init)
    UR2_TX                                   0x0000c1b1   Thumb Code    44  usart.o(i.UR2_TX)
    USART0_IRQHandler                        0x0000c1e5   Thumb Code   130  ht32f175x_275x_it.o(i.USART0_IRQHandler)
    USART1_IRQHandler                        0x0000c281   Thumb Code   618  ht32f175x_275x_it.o(i.USART1_IRQHandler)
    USART_FIFOReset                          0x0000c539   Thumb Code     8  ht32f175x_275x_usart.o(i.USART_FIFOReset)
    USART_Init                               0x0000c541   Thumb Code    60  ht32f175x_275x_usart.o(i.USART_Init)
    USART_IntConfig                          0x0000c57d   Thumb Code    20  ht32f175x_275x_usart.o(i.USART_IntConfig)
    USART_Interrupt_Init                     0x0000c591   Thumb Code   198  usart.o(i.USART_Interrupt_Init)
    USART_RFITLConfig                        0x0000c65d   Thumb Code    12  ht32f175x_275x_usart.o(i.USART_RFITLConfig)
    USART_ReceiveData                        0x0000c669   Thumb Code     6  ht32f175x_275x_usart.o(i.USART_ReceiveData)
    USART_RxCmd                              0x0000c66f   Thumb Code    24  ht32f175x_275x_usart.o(i.USART_RxCmd)
    USART_SendData                           0x0000c687   Thumb Code     4  ht32f175x_275x_usart.o(i.USART_SendData)
    USART_TFITLConfig                        0x0000c68b   Thumb Code    12  ht32f175x_275x_usart.o(i.USART_TFITLConfig)
    USART_TxCmd                              0x0000c697   Thumb Code    24  ht32f175x_275x_usart.o(i.USART_TxCmd)
    USB_IRQHandler                           0x0000c6af   Thumb Code     2  ht32f175x_275x_it.o(i.USB_IRQHandler)
    UsageFault_Handler                       0x0000c6b1   Thumb Code     2  ht32f175x_275x_it.o(i.UsageFault_Handler)
    WDT_IRQHandler                           0x0000c6b3   Thumb Code     2  ht32f175x_275x_it.o(i.WDT_IRQHandler)
    __scatterload_copy                       0x0000c6b5   Thumb Code    14  handlers.o(i.__scatterload_copy)
    __scatterload_null                       0x0000c6c3   Thumb Code     2  handlers.o(i.__scatterload_null)
    __scatterload_zeroinit                   0x0000c6c5   Thumb Code    14  handlers.o(i.__scatterload_zeroinit)
    __set_errno                              0x0000c6d5   Thumb Code     6  errno.o(i.__set_errno)
    buzzerinit                               0x0000c6e1   Thumb Code    48  buzzer.o(i.buzzerinit)
    configchanged                            0x0000c715   Thumb Code  1338  timer.o(i.configchanged)
    delay_init                               0x0000cc5d   Thumb Code    38  delay.o(i.delay_init)
    delay_ms                                 0x0000cc89   Thumb Code    36  delay.o(i.delay_ms)
    delay_us                                 0x0000ccb1   Thumb Code    36  delay.o(i.delay_us)
    faninit                                  0x0000ccd9   Thumb Code    44  fan.o(i.faninit)
    fanoff                                   0x0000cd0d   Thumb Code    12  fan.o(i.fanoff)
    fanon                                    0x0000cd1d   Thumb Code    14  fan.o(i.fanon)
    initAD                                   0x0000cd31   Thumb Code    98  24bitad.o(i.initAD)
    keyfind                                  0x0000cd99   Thumb Code   106  main.o(i.keyfind)
    main                                     0x0000ce15   Thumb Code   236  main.o(i.main)
    rtc_init                                 0x0000cf2d   Thumb Code    94  rtc.o(i.rtc_init)
    sqrt                                     0x0000cf91   Thumb Code    76  sqrt.o(i.sqrt)
    timermain                                0x0000cfdd   Thumb Code   676  timer.o(i.timermain)
    touchkey                                 0x0000d2fd   Thumb Code   890  key.o(i.touchkey)
    usart_init                               0x0000d68d   Thumb Code   108  usart.o(i.usart_init)
    tempdata1                                0x0000d700   Data          16  main.o(.constdata)
    tempdata2                                0x0000d710   Data          16  main.o(.constdata)
    needdrink                                0x0000d720   Data          64  main.o(.constdata)
    timedata                                 0x0000d760   Data        4900  main.o(.constdata)
    asc2_1206                                0x0000ea84   Data        1140  lcd.o(.constdata)
    asc2_1608                                0x0000eef8   Data        1520  lcd.o(.constdata)
    table_week                               0x0000f4e8   Data          12  rtc.o(.constdata)
    mon_table                                0x0000f4f4   Data          12  rtc.o(.constdata)
    tfont16                                  0x0000f500   Data         192  chinese.o(.constdata)
    tfont24                                  0x0000f5c0   Data         432  chinese.o(.constdata)
    tfont48_1                                0x0000f770   Data         384  chinese.o(.constdata)
    tfont48_2                                0x0000f8f0   Data         320  chinese.o(.constdata)
    tfont48_3                                0x0000fa30   Data         512  chinese.o(.constdata)
    tfont48_4                                0x0000fc30   Data         256  chinese.o(.constdata)
    tfont48_5                                0x0000fd30   Data         256  chinese.o(.constdata)
    tfont48_6                                0x0000fe30   Data         320  chinese.o(.constdata)
    Region$$Table$$Base                      0x0001003c   Number         0  anon$$obj.o(Region$$Table)
    Region$$Table$$Limit                     0x0001005c   Number         0  anon$$obj.o(Region$$Table)
    key                                      0x20000000   Data           1  main.o(.data)
    count3flag                               0x20000001   Data           1  main.o(.data)
    flag18B20                                0x20000002   Data           1  main.o(.data)
    TN9flag                                  0x20000003   Data           1  main.o(.data)
    startflag                                0x20000004   Data           1  main.o(.data)
    adflag                                   0x20000005   Data           1  main.o(.data)
    keyflag                                  0x20000006   Data           1  main.o(.data)
    selecttemp                               0x20000007   Data           3  main.o(.data)
    needwater                                0x2000000c   Data           4  main.o(.data)
    config                                   0x20000010   Data           4  main.o(.data)
    count1                                   0x20000014   Data           4  main.o(.data)
    count2                                   0x20000018   Data           4  main.o(.data)
    count3                                   0x2000001c   Data           4  main.o(.data)
    count4                                   0x20000020   Data           4  main.o(.data)
    count5                                   0x20000024   Data           4  main.o(.data)
    needdata                                 0x20000028   Data           6  main.o(.data)
    table_mbtemp                             0x2000002e   Data           8  main.o(.data)
    dN1                                      0x20000036   Data           8  main.o(.data)
    finaltimedata                            0x2000003e   Data           4  main.o(.data)
    waterflagdata                            0x20000042   Data           2  main.o(.data)
    finaltime                                0x20000044   Data           4  main.o(.data)
    finalTN9temp                             0x20000048   Data           4  main.o(.data)
    finalselecttemp                          0x2000004c   Data           4  main.o(.data)
    finalwater                               0x20000050   Data           4  main.o(.data)
    finalwaterlast                           0x20000054   Data           4  main.o(.data)
    count6                                   0x20000058   Data           4  main.o(.data)
    fanflag                                  0x2000005c   Data           1  main.o(.data)
    waterflag                                0x2000005d   Data           1  main.o(.data)
    buzzerflag                               0x2000005e   Data           1  main.o(.data)
    rxtemp                                   0x20000060   Data           2  ht32f175x_275x_it.o(.data)
    outdata                                  0x20000062   Data           2  ht32f175x_275x_it.o(.data)
    UR0TxReadIndex                           0x20000068   Data           4  usart.o(.data)
    UR0TxWriteIndex                          0x2000006c   Data           4  usart.o(.data)
    UR0RxReadIndex                           0x20000070   Data           4  usart.o(.data)
    UR0RxWriteIndex                          0x20000074   Data           4  usart.o(.data)
    UR1TxReadIndex                           0x20000078   Data           4  usart.o(.data)
    UR1TxWriteIndex                          0x2000007c   Data           4  usart.o(.data)
    UR1RxReadIndex                           0x20000080   Data           4  usart.o(.data)
    UR1RxWriteIndex                          0x20000084   Data           4  usart.o(.data)
    POINT_COLOR                              0x20000088   Data           2  lcd.o(.data)
    BACK_COLOR                               0x2000008a   Data           2  lcd.o(.data)
    CMD_RDX                                  0x2000008c   Data           1  touch.o(.data)
    CMD_RDY                                  0x2000008d   Data           1  touch.o(.data)
    TP_REMIND_MSG_TBL                        0x20000090   Data           4  touch.o(.data)
    tp_dev                                   0x20000094   Data          40  touch.o(.data)
    se                                       0x200000bc   Data           4  24bitad.o(.data)
    se_last                                  0x200000c0   Data           4  24bitad.o(.data)
    ad_data                                  0x200000c4   Data           4  24bitad.o(.data)
    ad_datalast                              0x200000c8   Data           4  24bitad.o(.data)
    def                                      0x200000cc   Data           4  24bitad.o(.data)
    ad_c                                     0x200000d0   Data           4  24bitad.o(.data)
    ad_temp                                  0x200000d4   Data           4  24bitad.o(.data)
    ad_float                                 0x200000d8   Data           4  24bitad.o(.data)
    Data                                     0x200000dc   Data           8  24bitad.o(.data)
    Data1                                    0x200000e4   Data           8  24bitad.o(.data)
    ad_se                                    0x200000ec   Data           4  24bitad.o(.data)
    ad_selast                                0x200000f0   Data           4  24bitad.o(.data)
    ReadData                                 0x200000f4   Data           5  tn9.o(.data)
    dispconfig                               0x200000fc   Data           4  disp.o(.data)
    TheWeightFix                             0x20000100   Data           4  disp.o(.data)
    temp                                     0x2000010c   Data          64  usart.o(.bss)
    temp1                                    0x2000014c   Data          64  usart.o(.bss)
    USART_InitStructure                      0x2000018c   Data          12  usart.o(.bss)
    UR0TxBuf                                 0x20000198   Data         128  usart.o(.bss)
    UR0RxBuf                                 0x20000218   Data         128  usart.o(.bss)
    UR1TxBuf                                 0x20000298   Data         128  usart.o(.bss)
    UR1RxBuf                                 0x20000318   Data         128  usart.o(.bss)
    lcddev                                   0x20000398   Data          14  lcd.o(.bss)
    timer                                    0x200003a6   Data          10  rtc.o(.bss)
    timer1                                   0x200003b0   Data          10  rtc.o(.bss)
    __initial_sp                             0x200005c0   Data           0  startup_ht32f175x_275x.o(STACK)



==============================================================================

Memory Map of the image

  Image Entry point : 0x00000151

  Load Region LR_1 (Base: 0x00000000, Size: 0x00010168, Max: 0xffffffff, ABSOLUTE)

    Execution Region ER_RO (Base: 0x00000000, Size: 0x0001005c, Max: 0xffffffff, ABSOLUTE)

    Base Addr    Size         Type   Attr      Idx    E Section Name        Object

    0x00000000   0x00000174   Code   RO          653  * RESET               startup_ht32f175x_275x.o
    0x00000174   0x00000000   Code   RO         5342  * .ARM.Collect$$$$00000000  mc_w.l(entry.o)
    0x00000174   0x00000004   Code   RO         5377    .ARM.Collect$$$$00000001  mc_w.l(entry2.o)
    0x00000178   0x00000004   Code   RO         5380    .ARM.Collect$$$$00000004  mc_w.l(entry5.o)
    0x0000017c   0x00000000   Code   RO         5382    .ARM.Collect$$$$00000008  mc_w.l(entry7b.o)
    0x0000017c   0x00000000   Code   RO         5384    .ARM.Collect$$$$0000000A  mc_w.l(entry8b.o)
    0x0000017c   0x00000008   Code   RO         5385    .ARM.Collect$$$$0000000B  mc_w.l(entry9a.o)
    0x00000184   0x00000000   Code   RO         5387    .ARM.Collect$$$$0000000D  mc_w.l(entry10a.o)
    0x00000184   0x00000000   Code   RO         5389    .ARM.Collect$$$$0000000F  mc_w.l(entry11a.o)
    0x00000184   0x00000004   Code   RO         5378    .ARM.Collect$$$$00002712  mc_w.l(entry2.o)
    0x00000188   0x000000b0   Code   RO         5345    .text               mf_w.l(fadd.o)
    0x00000238   0x00000064   Code   RO         5347    .text               mf_w.l(fmul.o)
    0x0000029c   0x0000007c   Code   RO         5349    .text               mf_w.l(fdiv.o)
    0x00000318   0x00000018   Code   RO         5351    .text               mf_w.l(fscalb.o)
    0x00000330   0x0000014e   Code   RO         5353    .text               mf_w.l(dadd.o)
    0x0000047e   0x000000e4   Code   RO         5355    .text               mf_w.l(dmul.o)
    0x00000562   0x00000012   Code   RO         5357    .text               mf_w.l(fflti.o)
    0x00000574   0x0000000a   Code   RO         5359    .text               mf_w.l(ffltui.o)
    0x0000057e   0x0000001a   Code   RO         5361    .text               mf_w.l(dfltui.o)
    0x00000598   0x00000032   Code   RO         5363    .text               mf_w.l(ffixi.o)
    0x000005ca   0x00000028   Code   RO         5365    .text               mf_w.l(ffixui.o)
    0x000005f2   0x0000003e   Code   RO         5367    .text               mf_w.l(dfixi.o)
    0x00000630   0x00000032   Code   RO         5369    .text               mf_w.l(dfixui.o)
    0x00000662   0x00000026   Code   RO         5371    .text               mf_w.l(f2d.o)
    0x00000688   0x00000038   Code   RO         5373    .text               mf_w.l(d2f.o)
    0x000006c0   0x0000001e   Code   RO         5391    .text               mc_w.l(llshl.o)
    0x000006de   0x00000020   Code   RO         5393    .text               mc_w.l(llushr.o)
    0x000006fe   0x00000024   Code   RO         5395    .text               mc_w.l(llsshr.o)
    0x00000722   0x00000000   Code   RO         5404    .text               mc_w.l(iusefp.o)
    0x00000722   0x0000006e   Code   RO         5405    .text               mf_w.l(fepilogue.o)
    0x00000790   0x000000b6   Code   RO         5407    .text               mf_w.l(depilogue.o)
    0x00000846   0x000000a2   Code   RO         5409    .text               mf_w.l(dsqrt.o)
    0x000008e8   0x00000024   Code   RO         5413    .text               mc_w.l(init.o)
    0x0000090c   0x00000002   Code   RO          256    i.ADC_IRQHandler    ht32f175x_275x_it.o
    0x0000090e   0x00000002   PAD
    0x00000910   0x00000014   Code   RO         1340    i.AFIO_GPCConfig    ht32f175x_275x_gpio.o
    0x00000924   0x00000014   Code   RO         1341    i.AFIO_GPDConfig    ht32f175x_275x_gpio.o
    0x00000938   0x00000014   Code   RO         1342    i.AFIO_GPEConfig    ht32f175x_275x_gpio.o
    0x0000094c   0x00000004   Code   RO         4757    i.AT24CXX_Init      24cxx.o
    0x00000950   0x0000002a   Code   RO         4759    i.AT24CXX_ReadLenByte  24cxx.o
    0x0000097a   0x00000042   Code   RO         4760    i.AT24CXX_ReadOneByte  24cxx.o
    0x000009bc   0x0000002a   Code   RO         4762    i.AT24CXX_WriteLenByte  24cxx.o
    0x000009e6   0x0000003e   Code   RO         4763    i.AT24CXX_WriteOneByte  24cxx.o
    0x00000a24   0x00000002   Code   RO          257    i.BFTM0_IRQHandler  ht32f175x_275x_it.o
    0x00000a26   0x00000002   Code   RO          258    i.BFTM1_IRQHandler  ht32f175x_275x_it.o
    0x00000a28   0x00000002   Code   RO          259    i.BOD_IRQHandler    ht32f175x_275x_it.o
    0x00000a2a   0x00000002   Code   RO          260    i.BusFault_Handler  ht32f175x_275x_it.o
    0x00000a2c   0x0000001c   Code   RO          829    i.CKCU_APBPerip0ClockConfig  ht32f175x_275x_ckcu.o
    0x00000a48   0x0000001c   Code   RO          830    i.CKCU_APBPerip1ClockConfig  ht32f175x_275x_ckcu.o
    0x00000a64   0x00000016   Code   RO         4251    i.CKCU_Configuration  sys.o
    0x00000a7a   0x00000002   PAD
    0x00000a7c   0x00000014   Code   RO          836    i.CKCU_GetClockReadyStatus  ht32f175x_275x_ckcu.o
    0x00000a90   0x000000b0   Code   RO          837    i.CKCU_GetClocksFrequency  ht32f175x_275x_ckcu.o
    0x00000b40   0x00000002   Code   RO          261    i.CKRDY_IRQHandler  ht32f175x_275x_it.o
    0x00000b42   0x00000002   Code   RO          262    i.COMP_IRQHandler   ht32f175x_275x_it.o
    0x00000b44   0x00000002   Code   RO          263    i.CSIF_IRQHandler   ht32f175x_275x_it.o
    0x00000b46   0x00000002   PAD
    0x00000b48   0x000001b4   Code   RO         4913    i.CovAD             24bitad.o
    0x00000cfc   0x00000002   Code   RO          264    i.DebugMon_Handler  ht32f175x_275x_it.o
    0x00000cfe   0x00000002   PAD
    0x00000d00   0x00000038   Code   RO         4998    i.Display           disp.o
    0x00000d38   0x00000358   Code   RO         5001    i.Display_index1    disp.o
    0x00001090   0x000005b8   Code   RO         5002    i.Display_index2    disp.o
    0x00001648   0x000000dc   Code   RO         5003    i.Display_index3    disp.o
    0x00001724   0x00000030   Code   RO         5004    i.Display_init      disp.o
    0x00001754   0x000002ec   Code   RO         5005    i.Display_menu      disp.o
    0x00001a40   0x000000dc   Code   RO         5006    i.Display_menupeople  disp.o
    0x00001b1c   0x000000d4   Code   RO         5007    i.Display_menuseason  disp.o
    0x00001bf0   0x00000118   Code   RO         5008    i.Display_temp      disp.o
    0x00001d08   0x0000039c   Code   RO         5009    i.Display_update    disp.o
    0x000020a4   0x00000058   Code   RO         5010    i.Display_update1   disp.o
    0x000020fc   0x00000084   Code   RO         5011    i.Display_update2   disp.o
    0x00002180   0x000000e8   Code   RO         5012    i.Display_update3   disp.o
    0x00002268   0x000000b4   Code   RO         4497    i.Draw_Circle       lcd.o
    0x0000231c   0x00000002   Code   RO          265    i.EVWUP_IRQHandler  ht32f175x_275x_it.o
    0x0000231e   0x00000002   Code   RO          266    i.EXTI0_IRQHandler  ht32f175x_275x_it.o
    0x00002320   0x00000002   Code   RO          267    i.EXTI10_IRQHandler  ht32f175x_275x_it.o
    0x00002322   0x00000002   Code   RO          268    i.EXTI11_IRQHandler  ht32f175x_275x_it.o
    0x00002324   0x00000002   Code   RO          269    i.EXTI12_IRQHandler  ht32f175x_275x_it.o
    0x00002326   0x00000002   Code   RO          270    i.EXTI13_IRQHandler  ht32f175x_275x_it.o
    0x00002328   0x00000002   Code   RO          271    i.EXTI14_IRQHandler  ht32f175x_275x_it.o
    0x0000232a   0x00000002   Code   RO          272    i.EXTI15_IRQHandler  ht32f175x_275x_it.o
    0x0000232c   0x00000002   Code   RO          273    i.EXTI1_IRQHandler  ht32f175x_275x_it.o
    0x0000232e   0x00000002   Code   RO          274    i.EXTI2_IRQHandler  ht32f175x_275x_it.o
    0x00002330   0x00000002   Code   RO          275    i.EXTI3_IRQHandler  ht32f175x_275x_it.o
    0x00002332   0x00000002   Code   RO          276    i.EXTI4_IRQHandler  ht32f175x_275x_it.o
    0x00002334   0x00000002   Code   RO          277    i.EXTI5_IRQHandler  ht32f175x_275x_it.o
    0x00002336   0x00000002   Code   RO          278    i.EXTI6_IRQHandler  ht32f175x_275x_it.o
    0x00002338   0x00000002   Code   RO          279    i.EXTI7_IRQHandler  ht32f175x_275x_it.o
    0x0000233a   0x00000002   Code   RO          280    i.EXTI8_IRQHandler  ht32f175x_275x_it.o
    0x0000233c   0x00000002   Code   RO          281    i.EXTI9_IRQHandler  ht32f175x_275x_it.o
    0x0000233e   0x00000002   Code   RO          282    i.FLASH_IRQHandler  ht32f175x_275x_it.o
    0x00002340   0x00000004   Code   RO         1343    i.GPIO_ClearOutBits  ht32f175x_275x_gpio.o
    0x00002344   0x00000014   Code   RO         1345    i.GPIO_DirectionConfig  ht32f175x_275x_gpio.o
    0x00002358   0x00000014   Code   RO         1346    i.GPIO_DriveConfig  ht32f175x_275x_gpio.o
    0x0000236c   0x00000014   Code   RO         1347    i.GPIO_InputConfig  ht32f175x_275x_gpio.o
    0x00002380   0x00000014   Code   RO         1350    i.GPIO_OpenDrainConfig  ht32f175x_275x_gpio.o
    0x00002394   0x00000032   Code   RO         1352    i.GPIO_PullResistorConfig  ht32f175x_275x_gpio.o
    0x000023c6   0x00000004   Code   RO         1357    i.GPIO_SetOutBits   ht32f175x_275x_gpio.o
    0x000023ca   0x0000000c   Code   RO         1358    i.GPIO_WriteOutBits  ht32f175x_275x_gpio.o
    0x000023d6   0x00000004   Code   RO         1359    i.GPIO_WriteOutData  ht32f175x_275x_gpio.o
    0x000023da   0x00000004   Code   RO          283    i.GPTM0_IRQHandler  ht32f175x_275x_it.o
    0x000023de   0x00000002   PAD
    0x000023e0   0x0000003c   Code   RO         4442    i.GPTM0_ISR         timer.o
    0x0000241c   0x00000004   Code   RO          284    i.GPTM1_IRQHandler  ht32f175x_275x_it.o
    0x00002420   0x0000005c   Code   RO         4443    i.GPTM1_ISR         timer.o
    0x0000247c   0x0000000a   Code   RO         1501    i.GPTM_ClearIntPendingBit  ht32f175x_275x_gptm.o
    0x00002486   0x00000018   Code   RO         1503    i.GPTM_Cmd          ht32f175x_275x_gptm.o
    0x0000249e   0x00000002   PAD
    0x000024a0   0x00000028   Code   RO         1505    i.GPTM_DeInit       ht32f175x_275x_gptm.o
    0x000024c8   0x00000016   Code   RO         1520    i.GPTM_GetIntStatus  ht32f175x_275x_gptm.o
    0x000024de   0x00000014   Code   RO         1524    i.GPTM_IntConfig    ht32f175x_275x_gptm.o
    0x000024f2   0x0000002a   Code   RO         1544    i.GPTM_TimeBaseInit  ht32f175x_275x_gptm.o
    0x0000251c   0x00000002   Code   RO          285    i.HardFault_Handler  ht32f175x_275x_it.o
    0x0000251e   0x00000002   Code   RO          286    i.I2C0_IRQHandler   ht32f175x_275x_it.o
    0x00002520   0x00000002   Code   RO          287    i.I2C1_IRQHandler   ht32f175x_275x_it.o
    0x00002522   0x00000002   PAD
    0x00002524   0x00000040   Code   RO         4698    i.IIC_Ack           myiic.o
    0x00002564   0x0000004c   Code   RO         4699    i.IIC_Init          myiic.o
    0x000025b0   0x00000040   Code   RO         4700    i.IIC_NAck          myiic.o
    0x000025f0   0x00000078   Code   RO         4701    i.IIC_Read_Byte     myiic.o
    0x00002668   0x00000064   Code   RO         4702    i.IIC_Send_Byte     myiic.o
    0x000026cc   0x00000040   Code   RO         4703    i.IIC_Start         myiic.o
    0x0000270c   0x00000040   Code   RO         4704    i.IIC_Stop          myiic.o
    0x0000274c   0x00000060   Code   RO         4705    i.IIC_Wait_Ack      myiic.o
    0x000027ac   0x0000002e   Code   RO         5108    i.Is_Leap_Year      rtc.o
    0x000027da   0x00000002   PAD
    0x000027dc   0x00000038   Code   RO         4396    i.KEY_Init          key.o
    0x00002814   0x00000044   Code   RO         4397    i.KEY_Scan          key.o
    0x00002858   0x00006fbe   Code   RO         4498    i.LCD5310_init      lcd.o
    0x00009816   0x00000002   PAD
    0x00009818   0x000000a8   Code   RO         4500    i.LCD_Clear         lcd.o
    0x000098c0   0x0000015c   Code   RO         4504    i.LCD_Display_Dir   lcd.o
    0x00009a1c   0x00000098   Code   RO         4505    i.LCD_DrawLine      lcd.o
    0x00009ab4   0x00000054   Code   RO         4506    i.LCD_DrawPoint     lcd.o
    0x00009b08   0x00000040   Code   RO         4507    i.LCD_DrawRectangle  lcd.o
    0x00009b48   0x00000014   Code   RO         5229    i.LCD_Draw_Point1   chinese.o
    0x00009b5c   0x000000c8   Code   RO         4509    i.LCD_Fill          lcd.o
    0x00009c24   0x000000ac   Code   RO         4510    i.LCD_Init          lcd.o
    0x00009cd0   0x00000010   Code   RO         4511    i.LCD_Pow           lcd.o
    0x00009ce0   0x000000a4   Code   RO         4512    i.LCD_RD_DATA       lcd.o
    0x00009d84   0x0000000e   Code   RO         4514    i.LCD_ReadReg       lcd.o
    0x00009d92   0x00000002   PAD
    0x00009d94   0x000004d8   Code   RO         4515    i.LCD_Scan_Dir      lcd.o
    0x0000a26c   0x0000030c   Code   RO         4516    i.LCD_SetCursor     lcd.o
    0x0000a578   0x00000158   Code   RO         4518    i.LCD_ShowChar      lcd.o
    0x0000a6d0   0x0000007c   Code   RO         4519    i.LCD_ShowNum       lcd.o
    0x0000a74c   0x00000054   Code   RO         4520    i.LCD_ShowString    lcd.o
    0x0000a7a0   0x0000009c   Code   RO         4521    i.LCD_ShowxNum      lcd.o
    0x0000a83c   0x00000048   Code   RO         4522    i.LCD_WR_REG        lcd.o
    0x0000a884   0x0000000c   Code   RO         4524    i.LCD_WriteRAM_Prepare  lcd.o
    0x0000a890   0x0000004c   Code   RO         4525    i.LCD_WriteReg      lcd.o
    0x0000a8dc   0x00000050   Code   RO         4426    i.LED_Init          led.o
    0x0000a92c   0x00000002   Code   RO          288    i.LPWUP_IRQHandler  ht32f175x_275x_it.o
    0x0000a92e   0x00000002   Code   RO          289    i.LVD_IRQHandler    ht32f175x_275x_it.o
    0x0000a930   0x00000044   Code   RO            3    i.LoadData          main.o
    0x0000a974   0x00000002   Code   RO          290    i.MCTMBRK_IRQHandler  ht32f175x_275x_it.o
    0x0000a976   0x00000002   Code   RO          291    i.MCTMCC_IRQHandler  ht32f175x_275x_it.o
    0x0000a978   0x00000002   Code   RO          292    i.MCTMTR_IRQHandler  ht32f175x_275x_it.o
    0x0000a97a   0x00000002   Code   RO          293    i.MCTMUP_IRQHandler  ht32f175x_275x_it.o
    0x0000a97c   0x00000002   Code   RO          294    i.MemManage_Handler  ht32f175x_275x_it.o
    0x0000a97e   0x00000002   Code   RO          295    i.NMI_Handler       ht32f175x_275x_it.o
    0x0000a980   0x00000020   Code   RO         4252    i.NVIC_Configuration  sys.o
    0x0000a9a0   0x00000016   Code   RO         4318    i.NVIC_EnableIRQ    usart.o
    0x0000a9b6   0x00000016   Code   RO         4444    i.NVIC_EnableIRQ    timer.o
    0x0000a9cc   0x00000032   Code   RO         4319    i.NVIC_EncodePriority  usart.o
    0x0000a9fe   0x00000032   Code   RO         4445    i.NVIC_EncodePriority  timer.o
    0x0000aa30   0x00000020   Code   RO         4320    i.NVIC_SetPriority  usart.o
    0x0000aa50   0x00000020   Code   RO         4446    i.NVIC_SetPriority  timer.o
    0x0000aa70   0x00000002   Code   RO          296    i.PDMA_CH0_IRQHandler  ht32f175x_275x_it.o
    0x0000aa72   0x00000002   Code   RO          297    i.PDMA_CH10_IRQHandler  ht32f175x_275x_it.o
    0x0000aa74   0x00000002   Code   RO          298    i.PDMA_CH11_IRQHandler  ht32f175x_275x_it.o
    0x0000aa76   0x00000002   Code   RO          299    i.PDMA_CH1_IRQHandler  ht32f175x_275x_it.o
    0x0000aa78   0x00000002   Code   RO          300    i.PDMA_CH2_IRQHandler  ht32f175x_275x_it.o
    0x0000aa7a   0x00000002   Code   RO          301    i.PDMA_CH3_IRQHandler  ht32f175x_275x_it.o
    0x0000aa7c   0x00000002   Code   RO          302    i.PDMA_CH4_IRQHandler  ht32f175x_275x_it.o
    0x0000aa7e   0x00000002   Code   RO          303    i.PDMA_CH5_IRQHandler  ht32f175x_275x_it.o
    0x0000aa80   0x00000002   Code   RO          304    i.PDMA_CH6_IRQHandler  ht32f175x_275x_it.o
    0x0000aa82   0x00000002   Code   RO          305    i.PDMA_CH7_IRQHandler  ht32f175x_275x_it.o
    0x0000aa84   0x00000002   Code   RO          306    i.PDMA_CH8_IRQHandler  ht32f175x_275x_it.o
    0x0000aa86   0x00000002   Code   RO          307    i.PDMA_CH9_IRQHandler  ht32f175x_275x_it.o
    0x0000aa88   0x00000048   Code   RO         2580    i.PWRCU_CheckReadyAccessed  ht32f175x_275x_pwrcu.o
    0x0000aad0   0x00000020   Code   RO         2582    i.PWRCU_DeInit      ht32f175x_275x_pwrcu.o
    0x0000aaf0   0x00000010   Code   RO         2594    i.PWRCU_ReadBackupRegister  ht32f175x_275x_pwrcu.o
    0x0000ab00   0x00000010   Code   RO         2600    i.PWRCU_WriteBackupRegister  ht32f175x_275x_pwrcu.o
    0x0000ab10   0x00000002   Code   RO          308    i.PendSV_Handler    ht32f175x_275x_it.o
    0x0000ab12   0x00000002   PAD
    0x0000ab14   0x00000024   Code   RO         2728    i.RSTCU_APBPerip1Reset  ht32f175x_275x_rstcu.o
    0x0000ab38   0x0000000c   Code   RO         2790    i.RTC_CMPCLRCmd     ht32f175x_275x_rtc.o
    0x0000ab44   0x0000000c   Code   RO         2791    i.RTC_ClockSourceConfig  ht32f175x_275x_rtc.o
    0x0000ab50   0x0000000c   Code   RO         2792    i.RTC_Cmd           ht32f175x_275x_rtc.o
    0x0000ab5c   0x0000003c   Code   RO         5109    i.RTC_Configuration  rtc.o
    0x0000ab98   0x000000d4   Code   RO         5110    i.RTC_Get           rtc.o
    0x0000ac6c   0x0000000c   Code   RO         2795    i.RTC_GetCounter    ht32f175x_275x_rtc.o
    0x0000ac78   0x0000000c   Code   RO         2796    i.RTC_GetFlagStatus  ht32f175x_275x_rtc.o
    0x0000ac84   0x0000004c   Code   RO         5111    i.RTC_Get_Week      rtc.o
    0x0000acd0   0x00000024   Code   RO         5112    i.RTC_IRQHandler    rtc.o
    0x0000acf4   0x0000001c   Code   RO         2799    i.RTC_IntConfig     ht32f175x_275x_rtc.o
    0x0000ad10   0x0000002c   Code   RO         2800    i.RTC_LSECmd        ht32f175x_275x_rtc.o
    0x0000ad3c   0x0000000c   Code   RO         2801    i.RTC_LSESMConfig   ht32f175x_275x_rtc.o
    0x0000ad48   0x000000bc   Code   RO         5113    i.RTC_Set           rtc.o
    0x0000ae04   0x0000000c   Code   RO         2806    i.RTC_SetCompare    ht32f175x_275x_rtc.o
    0x0000ae10   0x00000014   Code   RO         2807    i.RTC_SetPrescaler  ht32f175x_275x_rtc.o
    0x0000ae24   0x00000044   Code   RO         4914    i.ReadCount         24bitad.o
    0x0000ae68   0x00000002   Code   RO          309    i.SCI_IRQHandler    ht32f175x_275x_it.o
    0x0000ae6a   0x00000002   Code   RO          310    i.SPI0_IRQHandler   ht32f175x_275x_it.o
    0x0000ae6c   0x00000002   Code   RO          311    i.SPI1_IRQHandler   ht32f175x_275x_it.o
    0x0000ae6e   0x00000002   Code   RO          312    i.SVC_Handler       ht32f175x_275x_it.o
    0x0000ae70   0x0000001c   Code   RO         2524    i.SYSTICK_ClockSourceConfig  ht32f175x_275x_misc.o
    0x0000ae8c   0x00000030   Code   RO            5    i.SaveData          main.o
    0x0000aebc   0x00000002   Code   RO          313    i.SysTick_Handler   ht32f175x_275x_it.o
    0x0000aebe   0x00000002   PAD
    0x0000aec0   0x0000005c   Code   RO         3834    i.SystemInit        system_ht32f175x_275x.o
    0x0000af1c   0x00000020   Code   RO         5230    i.TEST_FONT1        chinese.o
    0x0000af3c   0x00000020   Code   RO         5231    i.TEST_FONT2        chinese.o
    0x0000af5c   0x00000020   Code   RO         5232    i.TEST_FONT3        chinese.o
    0x0000af7c   0x00000020   Code   RO         5233    i.TEST_FONT4        chinese.o
    0x0000af9c   0x00000024   Code   RO         5234    i.TEST_FONT5        chinese.o
    0x0000afc0   0x00000024   Code   RO         5235    i.TEST_FONT6        chinese.o
    0x0000afe4   0x0000005c   Code   RO         4955    i.TN9COV            tn9.o
    0x0000b040   0x00000070   Code   RO         4956    i.TN9init           tn9.o
    0x0000b0b0   0x0000008c   Code   RO         4957    i.TN_GetData_Surround  tn9.o
    0x0000b13c   0x000000a4   Code   RO         4958    i.TN_GetData_Target  tn9.o
    0x0000b1e0   0x0000008c   Code   RO         4959    i.TN_ReadData       tn9.o
    0x0000b26c   0x00000174   Code   RO         4814    i.TP_Adj_Info_Show  touch.o
    0x0000b3e0   0x0000058c   Code   RO         4815    i.TP_Adjust         touch.o
    0x0000b96c   0x00000074   Code   RO         4817    i.TP_Drow_Touch_Point  touch.o
    0x0000b9e0   0x0000007c   Code   RO         4818    i.TP_Get_Adjdata    touch.o
    0x0000ba5c   0x000000ac   Code   RO         4819    i.TP_Init           touch.o
    0x0000bb08   0x00000068   Code   RO         4820    i.TP_Read_AD        touch.o
    0x0000bb70   0x00000062   Code   RO         4821    i.TP_Read_XOY       touch.o
    0x0000bbd2   0x00000002   PAD
    0x0000bbd4   0x00000028   Code   RO         4822    i.TP_Read_XY        touch.o
    0x0000bbfc   0x00000086   Code   RO         4823    i.TP_Read_XY2       touch.o
    0x0000bc82   0x00000002   PAD
    0x0000bc84   0x00000068   Code   RO         4824    i.TP_Save_Adjdata   touch.o
    0x0000bcec   0x000000ac   Code   RO         4825    i.TP_Scan           touch.o
    0x0000bd98   0x00000030   Code   RO         4826    i.TP_Write_Byte     touch.o
    0x0000bdc8   0x00000088   Code   RO         5236    i.Test_Show_CH1_Font48  chinese.o
    0x0000be50   0x00000088   Code   RO         5237    i.Test_Show_CH2_Font48  chinese.o
    0x0000bed8   0x00000088   Code   RO         5238    i.Test_Show_CH3_Font48  chinese.o
    0x0000bf60   0x00000088   Code   RO         5239    i.Test_Show_CH4_Font48  chinese.o
    0x0000bfe8   0x00000088   Code   RO         5240    i.Test_Show_CH5_Font48  chinese.o
    0x0000c070   0x00000088   Code   RO         5241    i.Test_Show_CH6_Font48  chinese.o
    0x0000c0f8   0x000000b8   Code   RO         4447    i.Timerx_Init       timer.o
    0x0000c1b0   0x00000034   Code   RO         4325    i.UR2_TX            usart.o
    0x0000c1e4   0x0000009c   Code   RO          314    i.USART0_IRQHandler  ht32f175x_275x_it.o
    0x0000c280   0x000002b8   Code   RO          315    i.USART1_IRQHandler  ht32f175x_275x_it.o
    0x0000c538   0x00000008   Code   RO         3167    i.USART_FIFOReset   ht32f175x_275x_usart.o
    0x0000c540   0x0000003c   Code   RO         3175    i.USART_Init        ht32f175x_275x_usart.o
    0x0000c57c   0x00000014   Code   RO         3176    i.USART_IntConfig   ht32f175x_275x_usart.o
    0x0000c590   0x000000cc   Code   RO         4326    i.USART_Interrupt_Init  usart.o
    0x0000c65c   0x0000000c   Code   RO         3182    i.USART_RFITLConfig  ht32f175x_275x_usart.o
    0x0000c668   0x00000006   Code   RO         3186    i.USART_ReceiveData  ht32f175x_275x_usart.o
    0x0000c66e   0x00000018   Code   RO         3187    i.USART_RxCmd       ht32f175x_275x_usart.o
    0x0000c686   0x00000004   Code   RO         3189    i.USART_SendData    ht32f175x_275x_usart.o
    0x0000c68a   0x0000000c   Code   RO         3199    i.USART_TFITLConfig  ht32f175x_275x_usart.o
    0x0000c696   0x00000018   Code   RO         3201    i.USART_TxCmd       ht32f175x_275x_usart.o
    0x0000c6ae   0x00000002   Code   RO          316    i.USB_IRQHandler    ht32f175x_275x_it.o
    0x0000c6b0   0x00000002   Code   RO          317    i.UsageFault_Handler  ht32f175x_275x_it.o
    0x0000c6b2   0x00000002   Code   RO          318    i.WDT_IRQHandler    ht32f175x_275x_it.o
    0x0000c6b4   0x0000000e   Code   RO         5417    i.__scatterload_copy  mc_w.l(handlers.o)
    0x0000c6c2   0x00000002   Code   RO         5418    i.__scatterload_null  mc_w.l(handlers.o)
    0x0000c6c4   0x0000000e   Code   RO         5419    i.__scatterload_zeroinit  mc_w.l(handlers.o)
    0x0000c6d2   0x00000002   PAD
    0x0000c6d4   0x0000000c   Code   RO         5399    i.__set_errno       mc_w.l(errno.o)
    0x0000c6e0   0x00000034   Code   RO         5207    i.buzzerinit        buzzer.o
    0x0000c714   0x00000548   Code   RO         4448    i.configchanged     timer.o
    0x0000cc5c   0x0000002c   Code   RO         4288    i.delay_init        delay.o
    0x0000cc88   0x00000028   Code   RO         4289    i.delay_ms          delay.o
    0x0000ccb0   0x00000028   Code   RO         4290    i.delay_us          delay.o
    0x0000ccd8   0x00000034   Code   RO         5179    i.faninit           fan.o
    0x0000cd0c   0x00000010   Code   RO         5180    i.fanoff            fan.o
    0x0000cd1c   0x00000014   Code   RO         5181    i.fanon             fan.o
    0x0000cd30   0x00000068   Code   RO         4915    i.initAD            24bitad.o
    0x0000cd98   0x0000007c   Code   RO            6    i.keyfind           main.o
    0x0000ce14   0x00000118   Code   RO            7    i.main              main.o
    0x0000cf2c   0x00000064   Code   RO         5114    i.rtc_init          rtc.o
    0x0000cf90   0x0000004c   Code   RO         5335    i.sqrt              m_ws.l(sqrt.o)
    0x0000cfdc   0x00000320   Code   RO         4449    i.timermain         timer.o
    0x0000d2fc   0x00000390   Code   RO         4398    i.touchkey          key.o
    0x0000d68c   0x00000074   Code   RO         4327    i.usart_init        usart.o
    0x0000d700   0x00000010   Data   RO            8    .constdata          main.o
    0x0000d710   0x00000010   Data   RO            9    .constdata          main.o
    0x0000d720   0x00000040   Data   RO           10    .constdata          main.o
    0x0000d760   0x00001324   Data   RO           11    .constdata          main.o
    0x0000ea84   0x00000a64   Data   RO         4528    .constdata          lcd.o
    0x0000f4e8   0x00000018   Data   RO         5118    .constdata          rtc.o
    0x0000f500   0x00000a70   Data   RO         5244    .constdata          chinese.o
    0x0000ff70   0x00000079   Data   RO         4827    .conststring        touch.o
    0x0000ffe9   0x00000003   PAD
    0x0000ffec   0x0000004f   Data   RO         5013    .conststring        disp.o
    0x0001003b   0x00000001   PAD
    0x0001003c   0x00000020   Data   RO         5415    Region$$Table       anon$$obj.o


    Execution Region ER_RW (Base: 0x20000000, Size: 0x0000010c, Max: 0xffffffff, ABSOLUTE)

    Base Addr    Size         Type   Attr      Idx    E Section Name        Object

    0x20000000   0x00000028   Data   RW           13    .data               main.o
    0x20000028   0x00000006   Data   RW           15    .data               main.o
    0x2000002e   0x00000008   Data   RW           16    .data               main.o
    0x20000036   0x00000008   Data   RW           17    .data               main.o
    0x2000003e   0x00000004   Data   RW           18    .data               main.o
    0x20000042   0x00000002   Data   RW           19    .data               main.o
    0x20000044   0x00000004   Data   RW           21    .data               main.o
    0x20000048   0x00000004   Data   RW           22    .data               main.o
    0x2000004c   0x00000004   Data   RW           23    .data               main.o
    0x20000050   0x00000004   Data   RW           25    .data               main.o
    0x20000054   0x00000004   Data   RW           26    .data               main.o
    0x20000058   0x00000004   Data   RW           27    .data               main.o
    0x2000005c   0x00000001   Data   RW           29    .data               main.o
    0x2000005d   0x00000001   Data   RW           30    .data               main.o
    0x2000005e   0x00000001   Data   RW           31    .data               main.o
    0x2000005f   0x00000001   PAD
    0x20000060   0x00000004   Data   RW          319    .data               ht32f175x_275x_it.o
    0x20000064   0x00000004   Data   RW         4291    .data               delay.o
    0x20000068   0x00000020   Data   RW         4329    .data               usart.o
    0x20000088   0x00000004   Data   RW         4529    .data               lcd.o
    0x2000008c   0x00000030   Data   RW         4828    .data               touch.o
    0x200000bc   0x00000030   Data   RW         4917    .data               24bitad.o
    0x200000ec   0x00000004   Data   RW         4918    .data               24bitad.o
    0x200000f0   0x00000004   Data   RW         4919    .data               24bitad.o
    0x200000f4   0x00000005   Data   RW         4960    .data               tn9.o
    0x200000f9   0x00000003   PAD
    0x200000fc   0x00000008   Data   RW         5014    .data               disp.o
    0x20000104   0x00000002   Data   RW         5119    .data               rtc.o
    0x20000106   0x00000002   PAD
    0x20000108   0x00000004   Data   RW         5400    .data               mc_w.l(errno.o)


    Execution Region ER_ZI (Base: 0x2000010c, Size: 0x000004b4, Max: 0xffffffff, ABSOLUTE)

    Base Addr    Size         Type   Attr      Idx    E Section Name        Object

    0x2000010c   0x0000028c   Zero   RW         4328    .bss                usart.o
    0x20000398   0x0000000e   Zero   RW         4527    .bss                lcd.o
    0x200003a6   0x0000000a   Zero   RW         5116    .bss                rtc.o
    0x200003b0   0x0000000a   Zero   RW         5117    .bss                rtc.o
    0x200003ba   0x00000006   PAD
    0x200003c0   0x00000200   Zero   RW          651    STACK               startup_ht32f175x_275x.o


==============================================================================

Image component sizes


      Code (inc. data)   RO Data    RW Data    ZI Data      Debug   Object Name

       608         74          0         56          0       2747   24bitad.o
       216          0          0          0          0       2881   24cxx.o
        52          4          0          0          0        469   buzzer.o
      1036         52       2672          0          0       9320   chinese.o
       124         14          0          4          0       1675   delay.o
      5480       1204         79          8          0       8145   disp.o
        88         18          0          0          0       1235   fan.o
       252         30          0          0          0       4685   ht32f175x_275x_ckcu.o
       214         18          0          0          0       7611   ht32f175x_275x_gpio.o
       158         10          0          0          0       4916   ht32f175x_275x_gptm.o
       978        104          0          4          0      26710   ht32f175x_275x_it.o
        28          0          0          0          0        588   ht32f175x_275x_misc.o
       136         28          0          0          0       2369   ht32f175x_275x_pwrcu.o
        36          6          0          0          0        607   ht32f175x_275x_rstcu.o
       176         58          0          0          0       5310   ht32f175x_275x_rtc.o
       170          0          0          0          0       7226   ht32f175x_275x_usart.o
      1036         40          0          0          0       2885   key.o
     33056        168       2660          4         14      34061   lcd.o
        80          4          0          0          0        463   led.o
       520         76       4996         95          0      45959   main.o
       648         86          0          0          0       4206   myiic.o
       718         50         24          2         20      19841   rtc.o
       372        344          0          0        512        868   startup_ht32f175x_275x.o
        54         10          0          0          0      15121   sys.o
        92         12          0          0          0        493   system_ht32f175x_275x.o
      2592        270          0          0          0       7238   timer.o
       648         64          0          5          0       3574   tn9.o
      2904        192        121         48          0      10269   touch.o
       476         22          0         32        652      19145   usart.o

    ----------------------------------------------------------------------
     52976       2958      10588        264       1204     250617   Object Totals
         0          0         32          0          0          0   (incl. Generated)
        28          0          4          6          6          0   (incl. Padding)

    ----------------------------------------------------------------------

      Code (inc. data)   RO Data    RW Data    ZI Data      Debug   Library Member Name

        76          0          0          0          0         84   sqrt.o
         0          0          0          0          0          0   entry.o
         0          0          0          0          0          0   entry10a.o
         0          0          0          0          0          0   entry11a.o
         8          4          0          0          0          0   entry2.o
         4          0          0          0          0          0   entry5.o
         0          0          0          0          0          0   entry7b.o
         0          0          0          0          0          0   entry8b.o
         8          4          0          0          0          0   entry9a.o
        12          6          0          4          0         68   errno.o
        30          0          0          0          0          0   handlers.o
        36          8          0          0          0         68   init.o
         0          0          0          0          0          0   iusefp.o
        30          0          0          0          0         68   llshl.o
        36          0          0          0          0         68   llsshr.o
        32          0          0          0          0         68   llushr.o
        56          0          0          0          0         88   d2f.o
       334          0          0          0          0        148   dadd.o
       182          0          0          0          0        176   depilogue.o
        62          0          0          0          0         80   dfixi.o
        50          0          0          0          0         76   dfixui.o
        26          0          0          0          0         76   dfltui.o
       228          0          0          0          0         96   dmul.o
       162          0          0          0          0        100   dsqrt.o
        38          0          0          0          0         68   f2d.o
       176          0          0          0          0        140   fadd.o
       124          0          0          0          0         88   fdiv.o
       110          0          0          0          0        168   fepilogue.o
        50          0          0          0          0         68   ffixi.o
        40          0          0          0          0         68   ffixui.o
        18          0          0          0          0         68   fflti.o
        10          0          0          0          0         68   ffltui.o
       100          0          0          0          0         76   fmul.o
        24          0          0          0          0         68   fscalb.o

    ----------------------------------------------------------------------
      2064         22          0          4          0       2144   Library Totals
         2          0          0          0          0          0   (incl. Padding)

    ----------------------------------------------------------------------

      Code (inc. data)   RO Data    RW Data    ZI Data      Debug   Library Name

        76          0          0          0          0         84   m_ws.l
       196         22          0          4          0        340   mc_w.l
      1790          0          0          0          0       1720   mf_w.l

    ----------------------------------------------------------------------
      2064         22          0          4          0       2144   Library Totals

    ----------------------------------------------------------------------

==============================================================================


      Code (inc. data)   RO Data    RW Data    ZI Data      Debug   

     55040       2980      10588        268       1204     240121   Grand Totals
     55040       2980      10588        268       1204     240121   ELF Image Totals
     55040       2980      10588        268          0          0   ROM Totals

==============================================================================

    Total RO  Size (Code + RO Data)                65628 (  64.09kB)
    Total RW  Size (RW Data + ZI Data)              1472 (   1.44kB)
    Total ROM Size (Code + RO Data + RW Data)      65896 (  64.35kB)

==============================================================================

